 nodeAddon

 Timestamp is 5b86c8e0 (Wed Aug 29 19:25:04 2018)

 Preferred load address is 10000000

 Start         Length     Name                   Class
 0001:00000000 00012237H .text$mn                CODE
 0001:00012237 00000000H .text$x                 CODE
 0002:00000000 00000130H .idata$5                DATA
 0002:00000130 00000004H .00cfg                  DATA
 0002:00000134 00000004H .CRT$XCA                DATA
 0002:00000138 00000004H .CRT$XCU                DATA
 0002:0000013c 00000004H .CRT$XCZ                DATA
 0002:00000140 00000004H .CRT$XIA                DATA
 0002:00000144 0000000cH .CRT$XIC                DATA
 0002:00000150 00000004H .CRT$XIZ                DATA
 0002:00000154 00000004H .CRT$XPA                DATA
 0002:00000158 00000008H .CRT$XPX                DATA
 0002:00000160 00000004H .CRT$XPXA               DATA
 0002:00000164 00000004H .CRT$XPZ                DATA
 0002:00000168 00000004H .CRT$XTA                DATA
 0002:0000016c 00000004H .CRT$XTZ                DATA
 0002:00000170 00000000H .gfids$y                DATA
 0002:00000170 00005ca4H .rdata                  DATA
 0002:00005e14 000001ccH .rdata$r                DATA
 0002:00005fe0 0000000cH .rdata$sxdata           DATA
 0002:00005fec 0000036cH .rdata$zzzdbg           DATA
 0002:00006358 00000004H .rtc$IAA                DATA
 0002:0000635c 00000004H .rtc$IZZ                DATA
 0002:00006360 00000004H .rtc$TAA                DATA
 0002:00006364 00000004H .rtc$TZZ                DATA
 0002:00006368 00000524H .xdata$x                DATA
 0002:0000688c 00000020H .didat$2                DATA
 0002:000068ac 00000020H .didat$3                DATA
 0002:000068cc 00000034H .didat$4                DATA
 0002:00006900 000002e8H .didat$6                DATA
 0002:00006be8 00000038H .didat$7                DATA
 0002:00006c20 00000058H .edata                  DATA
 0002:00006c78 00000028H .idata$2                DATA
 0002:00006ca0 00000014H .idata$3                DATA
 0002:00006cb4 00000130H .idata$4                DATA
 0002:00006de4 00000576H .idata$6                DATA
 0003:00000000 000007a4H .data                   DATA
 0003:000007a4 000000b8H .data$r                 DATA
 0003:0000085c 00000034H .didat$5                DATA
 0003:00000890 00000a3cH .bss                    DATA
 0004:00000000 00000060H .rsrc$01                DATA
 0004:00000060 00000180H .rsrc$02                DATA

  Address         Publics by Value              Rva+Base       Lib:Object

 0000:00000000       ___guard_fids_count        00000000     <absolute>
 0000:00000000       ___enclave_config          00000000     <absolute>
 0000:00000000       ___guard_longjmp_count     00000000     <absolute>
 0000:00000000       __except_list              00000000     <absolute>
 0000:00000000       ___guard_longjmp_table     00000000     <absolute>
 0000:00000000       ___guard_iat_table         00000000     <absolute>
 0000:00000000       ___guard_iat_count         00000000     <absolute>
 0000:00000000       ___hybrid_auxiliary_iat    00000000     <absolute>
 0000:00000000       ___hybrid_code_map         00000000     <absolute>
 0000:00000000       ___guard_fids_table        00000000     <absolute>
 0000:00000000       ___hybrid_code_map_count   00000000     <absolute>
 0000:00000000       ___dynamic_value_reloc_table 00000000     <absolute>
 0000:00000003       ___safe_se_handler_count   00000003     <absolute>
 0000:00000100       ___guard_flags             00000100     <absolute>
 0000:00000000       ___ImageBase               10000000     <linker-defined>
 0001:00000000       ?checkGroup@nodeAddon@@YAXABV?$FunctionCallbackInfo@VValue@v8@@@v8@@@Z 10001000 f   nodeAddon.obj
 0001:00000290       ?Initialize@nodeAddon@@YAXV?$Local@VObject@v8@@@v8@@@Z 10001290 f   nodeAddon.obj
 0001:00000350       ?assign@?$basic_string@_WU?$char_traits@_W@std@@V?$allocator@_W@2@@std@@QAEAAV12@QB_WI@Z 10001350 f i nodeAddon.obj
 0001:000004a0       ?_Xlen@?$basic_string@_WU?$char_traits@_W@std@@V?$allocator@_W@2@@std@@SAXXZ 100014a0 f i nodeAddon.obj
 0001:000004fb       __imp_load_?GetCurrent@Isolate@v8@@SAPAV12@XZ 100014fb f   node:node.exe
 0001:00000505       __tailMerge_node_exe       10001505     node:node.exe
 0001:00000516       __imp_load_??1HandleScope@v8@@QAE@XZ 10001516 f   node:node.exe
 0001:00000520       __imp_load_??0HandleScope@v8@@QAE@PAVIsolate@1@@Z 10001520 f   node:node.exe
 0001:0000052a       __imp_load_?GetFunction@FunctionTemplate@v8@@QAE?AV?$Local@VFunction@v8@@@2@XZ 1000152a f   node:node.exe
 0001:00000534       __imp_load_?New@FunctionTemplate@v8@@SA?AV?$Local@VFunctionTemplate@v8@@@2@PAVIsolate@2@P6AXABV?$FunctionCallbackInfo@VValue@v8@@@2@@ZV?$Local@VValue@v8@@@2@V?$Local@VSignature@v8@@@2@HW4ConstructorBehavior@2@@Z 10001534 f   node:node.exe
 0001:0000053e       __imp_load_??1Value@String@v8@@QAE@XZ 1000153e f   node:node.exe
 0001:00000548       __imp_load_??0Value@String@v8@@QAE@V?$Local@VValue@v8@@@2@@Z 10001548 f   node:node.exe
 0001:00000552       __imp_load_?NewFromUtf8@String@v8@@SA?AV?$Local@VString@v8@@@2@PAVIsolate@2@PBDW4NewStringType@12@H@Z 10001552 f   node:node.exe
 0001:0000055c       __imp_load_?Set@Object@v8@@QAE_NV?$Local@VValue@v8@@@2@0@Z 1000155c f   node:node.exe
 0001:00000566       __imp_load_?SetName@Function@v8@@QAEXV?$Local@VString@v8@@@2@@Z 10001566 f   node:node.exe
 0001:00000570       __imp_load__node_module_register 10001570 f   node:node.exe
 0001:0000057a       __imp_load_?ToString@Value@v8@@QBE?AV?$Local@VString@v8@@@2@XZ 1000157a f   node:node.exe
 0001:00000584       ??0bad_alloc@std@@QAE@ABV01@@Z 10001584 f i libcpmt:xthrow.obj
 0001:0000059f       ??0bad_alloc@std@@QAE@XZ   1000159f f i libcpmt:xthrow.obj
 0001:000005b7       ??0exception@std@@QAE@ABV01@@Z 100015b7 f i libcpmt:xthrow.obj
 0001:000005e3       ??0exception@std@@QAE@QBD@Z 100015e3 f i libcpmt:xthrow.obj
 0001:0000061a       ??0length_error@std@@QAE@ABV01@@Z 1000161a f i libcpmt:xthrow.obj
 0001:00000635       ??0length_error@std@@QAE@PBD@Z 10001635 f i libcpmt:xthrow.obj
 0001:00000656       ??0logic_error@std@@QAE@ABV01@@Z 10001656 f i libcpmt:xthrow.obj
 0001:00000671       ??1bad_alloc@std@@UAE@XZ   10001671 f i libcpmt:xthrow.obj
 0001:00000671       ??1length_error@std@@UAE@XZ 10001671 f i libcpmt:xthrow.obj
 0001:00000671       ??1bad_array_new_length@std@@UAE@XZ 10001671 f i LIBCMT:throw_bad_alloc.obj
 0001:00000682       ??_Eexception@std@@UAEPAXI@Z 10001682 f i libcpmt:xthrow.obj
 0001:00000682       ??_Elogic_error@std@@UAEPAXI@Z 10001682 f i libcpmt:xthrow.obj
 0001:00000682       ??_Gbad_array_new_length@std@@UAEPAXI@Z 10001682 f i LIBCMT:throw_bad_alloc.obj
 0001:00000682       ??_Gexception@std@@UAEPAXI@Z 10001682 f i libcpmt:xthrow.obj
 0001:00000682       ??_Gbad_alloc@std@@UAEPAXI@Z 10001682 f i libcpmt:xthrow.obj
 0001:00000682       ??_Glogic_error@std@@UAEPAXI@Z 10001682 f i libcpmt:xthrow.obj
 0001:00000682       ??_Ebad_array_new_length@std@@UAEPAXI@Z 10001682 f i LIBCMT:throw_bad_alloc.obj
 0001:00000682       ??_Glength_error@std@@UAEPAXI@Z 10001682 f i libcpmt:xthrow.obj
 0001:00000682       ??_Ebad_alloc@std@@UAEPAXI@Z 10001682 f i libcpmt:xthrow.obj
 0001:00000682       ??_Elength_error@std@@UAEPAXI@Z 10001682 f i libcpmt:xthrow.obj
 0001:000006af       ?_Xlength_error@std@@YAXPBD@Z 100016af f   libcpmt:xthrow.obj
 0001:000006cf       ?what@exception@std@@UBEPBDXZ 100016cf f i libcpmt:xthrow.obj
 0001:000006dc       @__security_check_cookie@4 100016dc f   LIBCMT:_secchk_.obj
 0001:000006ed       ??2@YAPAXI@Z               100016ed f   LIBCMT:new_scalar.obj
 0001:0000071d       ??3@YAXPAXI@Z              1000171d f   LIBCMT:delete_scalar_size.obj
 0001:00000a38       __DllMainCRTStartup@12     10001a38 f   LIBCMT:dll_dllmain.obj
 0001:00000a5b       ??_Etype_info@@UAEPAXI@Z   10001a5b f i LIBCMT:std_type_info_static.obj
 0001:00000a5b       ??_Gtype_info@@UAEPAXI@Z   10001a5b f i LIBCMT:std_type_info_static.obj
 0001:00000a7e       ___raise_securityfailure   10001a7e f   LIBCMT:gs_report.obj
 0001:00000aa6       ___report_gsfailure        10001aa6 f   LIBCMT:gs_report.obj
 0001:00000ba1       ___report_rangecheckfailure 10001ba1 f   LIBCMT:gs_report.obj
 0001:00000bad       ___report_securityfailure  10001bad f   LIBCMT:gs_report.obj
 0001:00000c7d       ??0bad_array_new_length@std@@QAE@ABV01@@Z 10001c7d f i LIBCMT:throw_bad_alloc.obj
 0001:00000c98       ??0bad_array_new_length@std@@QAE@XZ 10001c98 f i LIBCMT:throw_bad_alloc.obj
 0001:00000cb0       ?__scrt_throw_std_bad_alloc@@YAXXZ 10001cb0 f   LIBCMT:throw_bad_alloc.obj
 0001:00000ccd       ?__scrt_throw_std_bad_array_new_length@@YAXXZ 10001ccd f   LIBCMT:throw_bad_alloc.obj
 0001:00000cea       ??3@YAXPAX@Z               10001cea f   LIBCMT:delete_scalar.obj
 0001:00000d3e       ___security_init_cookie    10001d3e f   LIBCMT:gs_support.obj
 0001:00000d89       _DllMain@12                10001d89 f   LIBCMT:dll_dllmain_stub.obj
 0001:00000d8f       ?__scrt_initialize_type_info@@YAXXZ 10001d8f f   LIBCMT:tncleanup.obj
 0001:00000d9b       ?__scrt_uninitialize_type_info@@YAXXZ 10001d9b f   LIBCMT:tncleanup.obj
 0001:00000da7       ___local_stdio_printf_options 10001da7 f i LIBCMT:default_local_stdio_options.obj
 0001:00000dad       ___local_stdio_scanf_options 10001dad f i LIBCMT:default_local_stdio_options.obj
 0001:00000db3       ___scrt_initialize_default_local_stdio_options 10001db3 f   LIBCMT:default_local_stdio_options.obj
 0001:00000e14       ___scrt_acquire_startup_lock 10001e14 f   LIBCMT:utility.obj
 0001:00000e49       ___scrt_dllmain_after_initialize_c 10001e49 f   LIBCMT:utility.obj
 0001:00000e74       ___scrt_dllmain_before_initialize_c 10001e74 f   LIBCMT:utility.obj
 0001:00000e82       ___scrt_dllmain_crt_thread_attach 10001e82 f   LIBCMT:utility.obj
 0001:00000ea1       ___scrt_dllmain_crt_thread_detach 10001ea1 f   LIBCMT:utility.obj
 0001:00000eae       ___scrt_dllmain_exception_filter 10001eae f   LIBCMT:utility.obj
 0001:00000ee1       ___scrt_dllmain_uninitialize_c 10001ee1 f   LIBCMT:utility.obj
 0001:00000f04       ___scrt_dllmain_uninitialize_critical 10001f04 f   LIBCMT:utility.obj
 0001:00000f11       ___scrt_initialize_crt     10001f11 f   LIBCMT:utility.obj
 0001:00000f4a       ___scrt_initialize_onexit_tables 10001f4a f   LIBCMT:utility.obj
 0001:00000ff4       ___scrt_is_nonwritable_in_current_image 10001ff4 f   LIBCMT:utility.obj
 0001:0000107e       ___scrt_release_startup_lock 1000207e f   LIBCMT:utility.obj
 0001:0000109b       ___scrt_uninitialize_crt   1000209b f   LIBCMT:utility.obj
 0001:000010c3       ___scrt_get_dyn_tls_init_callback 100020c3 f   LIBCMT:dyn_tls_init.obj
 0001:000010c9       ___scrt_fastfail           100020c9 f   LIBCMT:utility_desktop.obj
 0001:000011e5       __crt_debugger_hook        100021e5 f   LIBCMT:utility_desktop.obj
 0001:000011ed       __RTC_Initialize           100021ed f   LIBCMT:_initsect_.obj
 0001:00001218       __RTC_Terminate            10002218 f   LIBCMT:_initsect_.obj
 0001:00001243       @_guard_check_icall@4      10002243 f i LIBCMT:checkcfg.obj
 0001:00001250       __SEH_prolog4              10002250 f   LIBCMT:_sehprolg4_.obj
 0001:00001296       __SEH_epilog4              10002296 f   LIBCMT:_sehprolg4_.obj
 0001:000012ab       ___isa_available_init      100022ab f   LIBCMT:_cpu_disp_.obj
 0001:00001444       __get_startup_argv_mode    10002444 f   LIBCMT:argv_mode.obj
 0001:00001448       ___scrt_is_ucrt_dll_in_use 10002448 f   LIBCMT:ucrt_detection.obj
 0001:00001454       @_guard_check_icall_nop@4  10002454 f i LIBCMT:guard_support.obj
 0001:00001460       _memmove                   10002460 f   libvcruntime:memmove.obj
 0001:000019d4       ___std_exception_copy      100029d4 f   libvcruntime:std_exception.obj
 0001:00001a37       ___std_exception_destroy   10002a37 f   libvcruntime:std_exception.obj
 0001:00001a56       __CxxThrowException@8      10002a56 f   libvcruntime:throw.obj
 0001:00001b10       __except_handler4          10002b10 f   libvcruntime:_chandler4_.obj
 0001:00001c6d       ___std_type_info_destroy_list 10002c6d f   libvcruntime:std_type_info.obj
 0001:00001c90       ___vcrt_initialize         10002c90 f   libvcruntime:initialization.obj
 0001:00001cb9       ___vcrt_thread_attach      10002cb9 f   libvcruntime:initialization.obj
 0001:00001cc4       ___vcrt_thread_detach      10002cc4 f   libvcruntime:initialization.obj
 0001:00001ccf       ___vcrt_uninitialize       10002ccf f   libvcruntime:initialization.obj
 0001:00001cee       ___vcrt_uninitialize_critical 10002cee f   libvcruntime:initialization.obj
 0001:00001d00       _memset                    10002d00 f   libvcruntime:memset.obj
 0001:00001e60       __local_unwind4            10002e60 f   libvcruntime:_exsup4_.obj
 0001:00001f38       __seh_longjmp_unwind4@4    10002f38 f   libvcruntime:_exsup4_.obj
 0001:00001f60       @_EH4_CallFilterFunc@8     10002f60 f   libvcruntime:_exsup4_.obj
 0001:00001f78       @_EH4_TransferToHandler@8  10002f78 f   libvcruntime:_exsup4_.obj
 0001:00001f94       @_EH4_GlobalUnwind2@8      10002f94 f   libvcruntime:_exsup4_.obj
 0001:00001fb0       @_EH4_LocalUnwind@16       10002fb0 f   libvcruntime:_exsup4_.obj
 0001:00001fc7       ___except_validate_context_record 10002fc7 f   libvcruntime:jbcxrval.obj
 0001:00001ff7       ___except_validate_jump_buffer 10002ff7 f   libvcruntime:jbcxrval.obj
 0001:00002024       ___vcrt_freefls@4          10003024 f   libvcruntime:per_thread_data.obj
 0001:00002040       ___vcrt_freeptd            10003040 f   libvcruntime:per_thread_data.obj
 0001:00002083       ___vcrt_getptd_noexit      10003083 f   libvcruntime:per_thread_data.obj
 0001:00002115       ___vcrt_initialize_ptd     10003115 f   libvcruntime:per_thread_data.obj
 0001:0000215b       ___vcrt_uninitialize_ptd   1000315b f   libvcruntime:per_thread_data.obj
 0001:00002176       ___vcrt_initialize_locks   10003176 f   libvcruntime:locks.obj
 0001:000021b2       ___vcrt_uninitialize_locks 100031b2 f   libvcruntime:locks.obj
 0001:000021e1       ??$__crt_fast_encode_pointer@PAX@@YAPAXQAX@Z 100031e1 f i libvcruntime:winapi_downlevel.obj
 0001:0000234b       ___vcrt_FlsAlloc           1000334b f   libvcruntime:winapi_downlevel.obj
 0001:00002385       ___vcrt_FlsFree            10003385 f   libvcruntime:winapi_downlevel.obj
 0001:000023bf       ___vcrt_FlsGetValue        100033bf f   libvcruntime:winapi_downlevel.obj
 0001:000023f9       ___vcrt_FlsSetValue        100033f9 f   libvcruntime:winapi_downlevel.obj
 0001:00002436       ___vcrt_InitializeCriticalSectionEx 10003436 f   libvcruntime:winapi_downlevel.obj
 0001:0000247c       ___vcrt_initialize_winapi_thunks 1000347c f   libvcruntime:winapi_downlevel.obj
 0001:000024b6       ___vcrt_uninitialize_winapi_thunks 100034b6 f   libvcruntime:winapi_downlevel.obj
 0001:000024e8       ___vcrt_initialize_pure_virtual_call_handler 100034e8 f   libvcruntime:purevirt_data.obj
 0001:00002510       __global_unwind2           10003510 f   libvcruntime:_exsup_.obj
 0001:00002576       __local_unwind2            10003576 f   libvcruntime:_exsup_.obj
 0001:000025fa       __abnormal_termination     100035fa f   libvcruntime:_exsup_.obj
 0001:00002620       __NLG_Notify1              10003620 f   libvcruntime:_exsup_.obj
 0001:0000262c       __NLG_Notify               1000362c f   libvcruntime:_exsup_.obj
 0001:00002643       __NLG_Dispatch             10003643     libvcruntime:_exsup_.obj
 0001:00002643       __NLG_Dispatch2            10003643     libvcruntime:_exsup_.obj
 0001:0000264b       __NLG_Call                 1000364b f   libvcruntime:_exsup_.obj
 0001:0000264d       __NLG_Return2              1000364d     libvcruntime:_exsup_.obj
 0001:00002650       _memcpy                    10003650 f   libvcruntime:memcpy.obj
 0001:00002bd0       __CallSettingFrame@12      10003bd0 f   libvcruntime:lowhelpr.obj
 0001:00002bf7       __NLG_Return               10003bf7     libvcruntime:lowhelpr.obj
 0001:00002c1c       ___DestructExceptionObject 10003c1c f   libvcruntime:ehhelpers.obj
 0001:00002cb1       ?_CallMemberFunction0@@YGXQAX0@Z 10003cb1 f i libvcruntime:ehhelpers.obj
 0001:00002f16       _setlocale                 10003f16 f   libucrt:setlocale.obj
 0001:00002f50       ??0_LocaleUpdate@@QAE@QAU__crt_locale_pointers@@@Z 10003f50 f i libucrt:towlower.obj
 0001:00002fd3       __towlower_l               10003fd3 f   libucrt:towlower.obj
 0001:0000309c       _towlower                  1000409c f   libucrt:towlower.obj
 0001:000030af       ___acrt_call_reportfault   100040af f   libucrt:invalid_parameter.obj
 0001:000031ea       ___acrt_initialize_invalid_parameter_handler 100041ea f   libucrt:invalid_parameter.obj
 0001:000031f9       __invalid_parameter        100041f9 f   libucrt:invalid_parameter.obj
 0001:00003274       __invalid_parameter_noinfo 10004274 f   libucrt:invalid_parameter.obj
 0001:00003284       __invalid_parameter_noinfo_noreturn 10004284 f   libucrt:invalid_parameter.obj
 0001:000032a1       __invoke_watson            100042a1 f   libucrt:invalid_parameter.obj
 0001:000032d5       ___ascii_stricmp           100042d5 f   libucrt:stricmp.obj
 0001:00003310       __stricmp                  10004310 f   libucrt:stricmp.obj
 0001:00003359       __stricmp_l                10004359 f   libucrt:stricmp.obj
 0001:000033f3       ___acrt_initialize_new_handler 100043f3 f   libucrt:new_handler.obj
 0001:00003402       __callnewh                 10004402 f   libucrt:new_handler.obj
 0001:00003446       __query_new_handler        10004446 f   libucrt:new_handler.obj
 0001:00003498       _malloc                    10004498 f   libucrt:malloc.obj
 0001:000034a3       __initterm                 100044a3 f   libucrt:initterm.obj
 0001:000034ff       __initterm_e               100044ff f   libucrt:initterm.obj
 0001:00003544       _free                      10004544 f   libucrt:free.obj
 0001:00003561       __seh_filter_dll           10004561 f   libucrt:exception_filter.obj
 0001:00003581       __seh_filter_exe           10004581 f   libucrt:exception_filter.obj
 0001:0000397c       ___acrt_initialize_thread_local_exit_callback 1000497c f   libucrt:exit.obj
 0001:0000398b       __cexit                    1000498b f   libucrt:exit.obj
 0001:0000399a       __exit                     1000499a f   libucrt:exit.obj
 0001:000039b0       __is_c_termination_complete 100049b0 f   libucrt:exit.obj
 0001:00003c60       ___acrt_allocate_buffer_for_argv 10004c60 f   libucrt:argv_parsing.obj
 0001:00003caf       __configure_narrow_argv    10004caf f   libucrt:argv_parsing.obj
 0001:00003e0d       ??$uninitialize@A6AXAAPAPAD@Z@?$dual_state_global@PAPAD@__crt_state_management@@QAEXA6AXAAPAPAD@Z@Z 10004e0d f i libucrt:environment_initialization.obj
 0001:00003e0d       ??$uninitialize@A6AXAAPAPA_W@Z@?$dual_state_global@PAPA_W@__crt_state_management@@QAEXA6AXAAPAPA_W@Z@Z 10004e0d f i libucrt:environment_initialization.obj
 0001:00003e83       ___dcrt_uninitialize_environments_nolock 10004e83 f   libucrt:environment_initialization.obj
 0001:00003eba       __initialize_narrow_environment 10004eba f   libucrt:environment_initialization.obj
 0001:00004034       __execute_onexit_table     10005034 f   libucrt:onexit.obj
 0001:00004063       __initialize_onexit_table  10005063 f   libucrt:onexit.obj
 0001:000040c7       ___acrt_uninitialize_command_line 100050c7 f   libucrt:argv_data.obj
 0001:000041af       ___acrt_initialize         100051af f   libucrt:initialization.obj
 0001:000041c1       ___acrt_thread_attach      100051c1 f   libucrt:initialization.obj
 0001:000041cc       ___acrt_thread_detach      100051cc f   libucrt:initialization.obj
 0001:000041d4       ___acrt_uninitialize       100051d4 f   libucrt:initialization.obj
 0001:00004204       ___acrt_uninitialize_critical 10005204 f   libucrt:initialization.obj
 0001:00004216       _terminate                 10005216 f   libucrt:terminate.obj
 0001:00004252       _strcpy_s                  10005252 f   libucrt:strcpy_s.obj
 0001:000042ac       __free_base                100052ac f   libucrt:free_base.obj
 0001:000042e6       __malloc_base              100052e6 f   libucrt:malloc_base.obj
 0001:00004334       ??$is_overflow_condition@K@__crt_strtox@@YA_NIK@Z 10005334 f i libucrt:atox.obj
 0001:00004365       ??$parse_integer@KV?$c_string_character_source@_W@__crt_strtox@@@__crt_strtox@@YAKQAU__crt_locale_pointers@@V?$c_string_character_source@_W@0@H_N@Z 10005365 f i libucrt:atox.obj
 0001:00004a46       ?unget@?$c_string_character_source@_W@__crt_strtox@@QAEX_W@Z 10005a46 f i libucrt:atox.obj
 0001:00004a72       ?validate@?$c_string_character_source@_W@__crt_strtox@@QBE_NXZ 10005a72 f i libucrt:atox.obj
 0001:00004a8d       __chvalidchk_l             10005a8d f i libucrt:atox.obj
 0001:00004ab7       __ischartype_l             10005ab7 f i libucrt:atox.obj
 0001:00004aea       __wtol                     10005aea f   libucrt:atox.obj
 0001:00004b10       _strncmp                   10005b10 f   libucrt:strncmp.obj
 0001:00004b88       _abort                     10005b88 f   libucrt:abort.obj
 0001:00004bcc       __calloc_base              10005bcc f   libucrt:calloc_base.obj
 0001:00004c29       _wcsncmp                   10005c29 f   libucrt:wcsncmp.obj
 0001:00004de2       __mbstowcs_s_l             10005de2 f   libucrt:mbstowcs.obj
 0001:00004ec4       _mbstowcs_s                10005ec4 f   libucrt:mbstowcs.obj
 0001:0000516d       __wcstombs_s_l             1000616d f   libucrt:wcstombs.obj
 0001:00005554       ___acrt_freeptd            10006554 f   libucrt:per_thread_data.obj
 0001:00005580       ___acrt_getptd             10006580 f   libucrt:per_thread_data.obj
 0001:00005634       ___acrt_getptd_head        10006634 f   libucrt:per_thread_data.obj
 0001:000056ce       ___acrt_getptd_noexit      100066ce f   libucrt:per_thread_data.obj
 0001:00005781       ___acrt_initialize_ptd     10006781 f   libucrt:per_thread_data.obj
 0001:000057ad       ___acrt_uninitialize_ptd   100067ad f   libucrt:per_thread_data.obj
 0001:000057c7       ___acrt_initialize_locks   100067c7 f   libucrt:locks.obj
 0001:00005808       ___acrt_lock               10006808 f   libucrt:locks.obj
 0001:0000581f       ___acrt_uninitialize_locks 1000681f f   libucrt:locks.obj
 0001:00005850       ___acrt_unlock             10006850 f   libucrt:locks.obj
 0001:000058f8       ??$__crt_fast_encode_pointer@P6GHPA_WKJ@Z@@YAP6GHPA_WKJ@ZQ6GH0KJ@Z@Z 100068f8 f i libucrt:winapi_thunks.obj
 0001:00005bc5       ___acrt_AppPolicyGetProcessTerminationMethodInternal@4 10006bc5 f   libucrt:winapi_thunks.obj
 0001:00005c1c       ___acrt_EnumSystemLocalesEx@16 10006c1c f   libucrt:winapi_thunks.obj
 0001:00005c86       ___acrt_FlsAlloc@4         10006c86 f   libucrt:winapi_thunks.obj
 0001:00005cdc       ___acrt_FlsFree@4          10006cdc f   libucrt:winapi_thunks.obj
 0001:00005d32       ___acrt_FlsGetValue@4      10006d32 f   libucrt:winapi_thunks.obj
 0001:00005d88       ___acrt_FlsSetValue@8      10006d88 f   libucrt:winapi_thunks.obj
 0001:00005de1       ___acrt_GetLocaleInfoEx@16 10006de1 f   libucrt:winapi_thunks.obj
 0001:00005e37       ___acrt_GetUserDefaultLocaleName@8 10006e37 f   libucrt:winapi_thunks.obj
 0001:00005e8a       ___acrt_InitializeCriticalSectionEx@12 10006e8a f   libucrt:winapi_thunks.obj
 0001:00005eec       ___acrt_IsValidLocaleName@4 10006eec f   libucrt:winapi_thunks.obj
 0001:00005f3b       ___acrt_LCIDToLocaleName@16 10006f3b f   libucrt:winapi_thunks.obj
 0001:00005f91       ___acrt_LCMapStringEx@36   10006f91 f   libucrt:winapi_thunks.obj
 0001:00006005       ___acrt_LocaleNameToLCID@8 10007005 f   libucrt:winapi_thunks.obj
 0001:0000604d       ___acrt_can_use_vista_locale_apis 1000704d f   libucrt:winapi_thunks.obj
 0001:00006058       ___acrt_eagerly_load_locale_apis 10007058 f   libucrt:winapi_thunks.obj
 0001:0000608f       ___acrt_initialize_winapi_thunks 1000708f f   libucrt:winapi_thunks.obj
 0001:000060cb       ___acrt_uninitialize_winapi_thunks 100070cb f   libucrt:winapi_thunks.obj
 0001:00006350       ___acrt_copy_locale_name   10007350 f   libucrt:wsetlocale.obj
 0001:000063b6       ___acrt_set_locale_changed 100073b6 f   libucrt:wsetlocale.obj
 0001:000063c1       ___acrt_uninitialize_locale 100073c1 f   libucrt:wsetlocale.obj
 0001:000063ea       ___lc_lctowcs              100073ea f   libucrt:wsetlocale.obj
 0001:0000645a       ___lc_wcstolc              1000745a f   libucrt:wsetlocale.obj
 0001:000065b8       __expandlocale             100075b8 f   libucrt:wsetlocale.obj
 0001:0000692f       __wcscats                  1000792f f   libucrt:wsetlocale.obj
 0001:00006970       __wsetlocale               10007970 f   libucrt:wsetlocale.obj
 0001:0000723f       _iswctype                  1000823f f   libucrt:iswctype.obj
 0001:000072aa       ___acrt_LCMapStringW       100082aa f   libucrt:lcmapstringw.obj
 0001:000072e8       ___acrt_update_locale_info 100082e8 f   libucrt:locale_update.obj
 0001:00007315       ___acrt_update_multibyte_info 10008315 f   libucrt:locale_update.obj
 0001:00007342       ___acrt_errno_from_os_error 10008342 f   libucrt:errno.obj
 0001:00007385       ___acrt_errno_map_os_error 10008385 f   libucrt:errno.obj
 0001:000073a8       ___doserrno                100083a8 f   libucrt:errno.obj
 0001:000073bb       __errno                    100083bb f   libucrt:errno.obj
 0001:00007534       __tolower_l                10008534 f   libucrt:tolower_toupper.obj
 0001:0000754e       ___acrt_get_process_end_policy 1000854e f   libucrt:win_policies.obj
 0001:00007a33       ___acrt_expand_narrow_argv_wildcards 10008a33 f   libucrt:argv_wildcards.obj
 0001:00007f5c       ___acrt_initialize_multibyte 10008f5c f   libucrt:mbctype.obj
 0001:00007fa4       ___acrt_update_thread_multibyte_data 10008fa4 f   libucrt:mbctype.obj
 0001:00007fb7       __setmbcp_nolock           10008fb7 f   libucrt:mbctype.obj
 0001:0000828b       __ismbblead                1000928b f   libucrt:ismbbyte.obj
 0001:000082a3       ___acrt_initialize_command_line 100092a3 f   libucrt:argv_data.obj
 0001:000082bc       _wcscpy_s                  100092bc f   libucrt:wcscpy_s.obj
 0001:00008357       ___dcrt_get_narrow_environment_from_os 10009357 f   libucrt:get_environment_from_os.obj
 0001:000083da       __recalloc                 100093da f   libucrt:recalloc.obj
 0001:000083e5       __recalloc_base            100093e5 f   libucrt:recalloc.obj
 0001:00008452       ___acrt_initialize_heap    10009452 f   libucrt:heap_handle.obj
 0001:00008463       ___acrt_uninitialize_heap  10009463 f   libucrt:heap_handle.obj
 0001:000085d9       ___acrt_initialize_lowio   100095d9 f   libucrt:ioinit.obj
 0001:0000862f       ___acrt_uninitialize_lowio 1000962f f   libucrt:ioinit.obj
 0001:0000865b       ___acrt_execute_initializers 1000965b f   libucrt:shared_initialization.obj
 0001:000086de       ___acrt_execute_uninitializers 100096de f   libucrt:shared_initialization.obj
 0001:000087ea       ___acrt_get_sigabrt_handler 100097ea f   libucrt:signal.obj
 0001:00008813       ___acrt_initialize_signal_handlers 10009813 f   libucrt:signal.obj
 0001:00008831       ___fpecode                 10009831 f   libucrt:signal.obj
 0001:0000883a       _raise                     1000983a f   libucrt:signal.obj
 0001:00008a30       ___acrt_has_user_matherr   10009a30 f   libucrt:matherr.obj
 0001:00008a48       ___acrt_initialize_user_matherr 10009a48 f   libucrt:matherr.obj
 0001:00008a57       ___acrt_invoke_user_matherr 10009a57 f   libucrt:matherr.obj
 0001:00008c67       ___acrt_stdio_flush_nolock 10009c67 f   libucrt:fflush.obj
 0001:00008cca       __fflush_nolock            10009cca f   libucrt:fflush.obj
 0001:00008d11       __flushall                 10009d11 f   libucrt:fflush.obj
 0001:00008d1a       ___acrt_initialize_stdio   10009d1a f   libucrt:_file.obj
 0001:00008de2       ___acrt_uninitialize_stdio 10009de2 f   libucrt:_file.obj
 0001:00008e2e       __lock_file                10009e2e f   libucrt:_file.obj
 0001:00008e42       __unlock_file              10009e42 f   libucrt:_file.obj
 0001:00008e56       __query_new_mode           10009e56 f   libucrt:new_mode.obj
 0001:00008e5c       __mbtowc_l                 10009e5c f   libucrt:mbtowc.obj
 0001:00008f5a       _mbtowc                    10009f5a f   libucrt:mbtowc.obj
 0001:00008f74       _wcsnlen                   10009f74 f   libucrt:strnlen.obj
 0001:0000911f       __fileno                   1000a11f f   libucrt:fileno.obj
 0001:00009145       ___pctype_func             1000a145 f   libucrt:ctype.obj
 0001:0000916b       __isctype_l                1000a16b f   libucrt:isctype.obj
 0001:0000923d       __isleadbyte_l             1000a23d f i libucrt:_wctype.obj
 0001:00009276       ___acrt_MultiByteToWideChar 1000a276 f   libucrt:multibytetowidechar.obj
 0001:00009295       ___acrt_WideCharToMultiByte 1000a295 f   libucrt:widechartomultibyte.obj
 0001:000092ba       ___acrt_add_locale_ref     1000a2ba f   libucrt:locale_refcounting.obj
 0001:00009337       ___acrt_free_locale        1000a337 f   libucrt:locale_refcounting.obj
 0001:00009481       ___acrt_locale_add_lc_time_reference 1000a481 f   libucrt:locale_refcounting.obj
 0001:000094aa       ___acrt_locale_free_lc_time_if_unreferenced 1000a4aa f   libucrt:locale_refcounting.obj
 0001:000094da       ___acrt_locale_release_lc_time_reference 1000a4da f   libucrt:locale_refcounting.obj
 0001:00009503       ___acrt_release_locale_ref 1000a503 f   libucrt:locale_refcounting.obj
 0001:00009584       ___acrt_update_thread_locale_data 1000a584 f   libucrt:locale_refcounting.obj
 0001:000095fb       __updatetlocinfoEx_nolock  1000a5fb f   libucrt:locale_refcounting.obj
 0001:000096ff       ___acrt_DownlevelLCIDToLocaleName 1000a6ff f   libucrt:lcidtoname_downlevel.obj
 0001:000097a9       ___acrt_DownlevelLocaleNameToLCID 1000a7a9 f   libucrt:lcidtoname_downlevel.obj
 0001:000097d5       ___acrt_locale_initialize_ctype 1000a7d5 f   libucrt:initctype.obj
 0001:00009b9e       ___acrt_locale_free_monetary 1000ab9e f   libucrt:initmon.obj
 0001:00009c9c       ___acrt_locale_initialize_monetary 1000ac9c f   libucrt:initmon.obj
 0001:0000a057       ___acrt_locale_free_numeric 1000b057 f   libucrt:initnum.obj
 0001:0000a0c0       ___acrt_locale_initialize_numeric 1000b0c0 f   libucrt:initnum.obj
 0001:0000a591       ___acrt_locale_free_time   1000b591 f   libucrt:inittime.obj
 0001:0000a675       ___acrt_locale_initialize_time 1000b675 f   libucrt:inittime.obj
 0001:0000a6f4       _wcscat_s                  1000b6f4 f   libucrt:wcscat_s.obj
 0001:0000a836       _wcsncpy_s                 1000b836 f   libucrt:wcsncpy_s.obj
 0001:0000a841       _wcscspn                   1000b841 f   libucrt:wcscspn.obj
 0001:0000a891       _wcspbrk                   1000b891 f   libucrt:wcspbrk.obj
 0001:0000a8d6       ___acrt_GetStringTypeA     1000b8d6 f   libucrt:getstringtypea.obj
 0001:0000a9da       __freea_crt                1000b9da f i libucrt:getstringtypea.obj
 0001:0000b0fa       ___acrt_get_qualified_locale 1000c0fa f   libucrt:get_qualified_locale.obj
 0001:0000ba45       ___acrt_get_qualified_locale_downlevel 1000ca45 f   libucrt:getqloc_downlevel.obj
 0001:0000bc4c       ___acrt_GetStringTypeW     1000cc4c f   libucrt:getstringtypew.obj
 0001:0000be4b       ___acrt_LCMapStringA       1000ce4b f   libucrt:lcmapstringa.obj
 0001:0000bee0       _qsort                     1000cee0 f   libucrt:qsort.obj
 0001:0000c3d5       _strncpy_s                 1000d3d5 f   libucrt:strncpy_s.obj
 0001:0000c3e0       _strpbrk                   1000d3e0 f   libucrt:strpbrk.obj
 0001:0000c420       __mbsdec                   1000d420 f   libucrt:mbsdec.obj
 0001:0000c437       __mbsdec_l                 1000d437 f   libucrt:mbsdec.obj
 0001:0000c4bd       __msize                    1000d4bd f   libucrt:msize.obj
 0001:0000c4c8       __msize_base               1000d4c8 f   libucrt:msize.obj
 0001:0000c4fb       __realloc_base             1000d4fb f   libucrt:realloc_base.obj
 0001:0000c564       ___acrt_lowio_create_handle_array 1000d564 f   libucrt:osfinfo.obj
 0001:0000c5de       ___acrt_lowio_destroy_handle_array 1000d5de f   libucrt:osfinfo.obj
 0001:0000c613       ___acrt_lowio_ensure_fh_exists 1000d613 f   libucrt:osfinfo.obj
 0001:0000c6a7       ___acrt_lowio_lock_fh      1000d6a7 f   libucrt:osfinfo.obj
 0001:0000c6ca       ___acrt_lowio_unlock_fh    1000d6ca f   libucrt:osfinfo.obj
 0001:0000c6ed       __free_osfhnd              1000d6ed f   libucrt:osfinfo.obj
 0001:0000c77e       __get_osfhandle            1000d77e f   libucrt:osfinfo.obj
 0001:0000c880       __commit                   1000d880 f   libucrt:commit.obj
 0001:0000cea0       __write                    1000dea0 f   libucrt:write.obj
 0001:0000cf88       __write_nolock             1000df88 f   libucrt:write.obj
 0001:0000d19a       __fcloseall                1000e19a f   libucrt:closeall.obj
 0001:0000d23a       ___acrt_stdio_free_buffer_nolock 1000e23a f   libucrt:_freebuf.obj
 0001:0000d278       __isatty                   1000e278 f   libucrt:isatty.obj
 0001:0000d3ad       ___acrt_GetLocaleInfoA     1000e3ad f   libucrt:getlocaleinfoa.obj
 0001:0000d666       __itow_s                   1000e666 f   libucrt:xtoa.obj
 0001:0000d69b       __wcsicmp                  1000e69b f   libucrt:wcsicmp.obj
 0001:0000d729       __wcsicmp_l                1000e729 f   libucrt:wcsicmp.obj
 0001:0000d806       __wcsnicmp                 1000e806 f   libucrt:wcsnicmp.obj
 0001:0000d8b7       __wcsnicmp_l               1000e8b7 f   libucrt:wcsnicmp.obj
 0001:0000d9b4       ___strncnt                 1000e9b4 f   libucrt:strncnt.obj
 0001:0000d9d0       __query_app_type           1000e9d0 f   libucrt:report_runtime_error.obj
 0001:0000da54       __lseeki64_nolock          1000ea54 f   libucrt:lseek.obj
 0001:0000da6f       __putwch_nolock            1000ea6f f   libucrt:putwch.obj
 0001:0000daa3       __fclose_nolock            1000eaa3 f   libucrt:fclose.obj
 0001:0000db19       _fclose                    1000eb19 f   libucrt:fclose.obj
 0001:0000dba0       __CIlog10                  1000eba0 f   libucrt:log10_impl.obj
 0001:0000dbdb       __CIlog10_default          1000ebdb f   libucrt:log10_impl.obj
 0001:0000dbef       __log10_default            1000ebef     libucrt:log10_impl.obj
 0001:0000dcb0       _ceil                      1000ecb0 f   libucrt:ceil_pentium4.obj
 0001:0000dcf0       __ceil_pentium4            1000ecf0 f   libucrt:ceil_pentium4.obj
 0001:0000ddd0       ___ascii_strnicmp          1000edd0 f   libucrt:_strnicm.obj
 0001:0000de50       ___dcrt_lowio_ensure_console_output_initialized 1000ee50 f   libucrt:initcon.obj
 0001:0000de6f       ___dcrt_terminate_console_output 1000ee6f f   libucrt:initcon.obj
 0001:0000de86       ___dcrt_write_console_w    1000ee86 f   libucrt:initcon.obj
 0001:0000df5d       __close                    1000ef5d f   libucrt:close.obj
 0001:0000dfec       __close_nolock             1000efec f   libucrt:close.obj
 0001:0000e088       ?__acrt_stdio_free_stream@@YAXV__crt_stdio_stream@@@Z 1000f088 f   libucrt:stream.obj
 0001:0000e0c3       ___acrt_initialize_sse2    1000f0c3 f   libucrt:mathfcns.obj
 0001:0000e0e0       __CIlog10_pentium4         1000f0e0 f   libucrt:log10_pentium4.obj
 0001:0000e0f8       __log10_pentium4           1000f0f8     libucrt:log10_pentium4.obj
 0001:0000e381       __fFEXP                    1000f381     libucrt:87tran.obj
 0001:0000e3d8       __rtinfpopse               1000f3d8     libucrt:87tran.obj
 0001:0000e3da       __rtinfnpopse              1000f3da     libucrt:87tran.obj
 0001:0000e3ea       __fFLN                     1000f3ea     libucrt:87tran.obj
 0001:0000e49f       __rtinfpop                 1000f49f     libucrt:87tran.obj
 0001:0000e4a1       __rtinfnpop                1000f4a1     libucrt:87tran.obj
 0001:0000e4be       __ffexpm1                  1000f4be     libucrt:87tran.obj
 0001:0000e570       __trandisp1                1000f570 f   libucrt:87disp.obj
 0001:0000e5d7       __trandisp2                1000f5d7 f   libucrt:87disp.obj
 0001:0000e663       __rttospopde               1000f663     libucrt:87disp.obj
 0001:0000e668       __rttospop                 1000f668     libucrt:87disp.obj
 0001:0000e66a       __rtnospop                 1000f66a     libucrt:87disp.obj
 0001:0000e66c       __rttosnpop                1000f66c     libucrt:87disp.obj
 0001:0000e66d       __rtnospopde               1000f66d     libucrt:87disp.obj
 0001:0000e674       __rtzeropop                1000f674     libucrt:87disp.obj
 0001:0000e676       __rtzeronpop               1000f676     libucrt:87disp.obj
 0001:0000e67b       __rtzerospop               1000f67b     libucrt:87disp.obj
 0001:0000e688       __rtonepop                 1000f688     libucrt:87disp.obj
 0001:0000e68a       __rtonenpop                1000f68a     libucrt:87disp.obj
 0001:0000e68f       __tosnan1                  1000f68f     libucrt:87disp.obj
 0001:0000e6ba       __nosnan2                  1000f6ba     libucrt:87disp.obj
 0001:0000e6bc       __tosnan2                  1000f6bc     libucrt:87disp.obj
 0001:0000e6e4       __nan2                     1000f6e4     libucrt:87disp.obj
 0001:0000e723       __rtindfpop                1000f723     libucrt:87disp.obj
 0001:0000e725       __rtindfnpop               1000f725     libucrt:87disp.obj
 0001:0000e736       __rttosnpopde              1000f736     libucrt:87disp.obj
 0001:0000e740       __rtatan2inf               1000f740     libucrt:87disp.obj
 0001:0000e75d       __rtchsifneg               1000f75d     libucrt:87disp.obj
 0001:0000e770       __twoToTOS                 1000f770 f   libucrt:common.obj
 0001:0000e785       __load_CW                  1000f785 f   libucrt:common.obj
 0001:0000e79c       __convertTOStoQNaN         1000f79c f   libucrt:common.obj
 0001:0000e7b5       __fload_withFB             1000f7b5 f   libucrt:common.obj
 0001:0000e7f8       __checkTOS_withFB          1000f7f8 f   libucrt:common.obj
 0001:0000e80e       __fast_exit                1000f80e f   libucrt:common.obj
 0001:0000e81b       __math_exit                1000f81b f   libucrt:common.obj
 0001:0000e845       __check_overflow_exit      1000f845 f   libucrt:common.obj
 0001:0000e859       __check_range_exit         1000f859 f   libucrt:common.obj
 0001:0000e900       __startTwoArgErrorHandling 1000f900 f   libucrt:genexcep.obj
 0001:0000e917       __startOneArgErrorHandling 1000f917 f   libucrt:genexcep.obj
 0001:0000e953       ___libm_error_support      1000f953 f   libucrt:libm_error.obj
 0001:0000eb6b       __ceil_default             1000fb6b f   libucrt:ceil.obj
 0001:0000ec24       __clrfp                    1000fc24 f   libucrt:fpctrl.obj
 0001:0000ec37       __ctrlfp                   1000fc37 f   libucrt:fpctrl.obj
 0001:0000ec63       __set_statfp               1000fc63 f   libucrt:fpctrl.obj
 0001:0000ecbe       __statfp                   1000fcbe f   libucrt:fpctrl.obj
 0001:0000ecd0       __d_inttype                1000fcd0 f   libucrt:powhlp.obj
 0001:0000ed3a       __powhlp                   1000fd3a f   libucrt:powhlp.obj
 0001:0000ee65       __87except                 1000fe65 f   libucrt:87except.obj
 0001:0000ef70       __frnd                     1000ff70 f   libucrt:frnd.obj
 0001:0000ef86       __errcode                  1000ff86 f   libucrt:fpexcept.obj
 0001:0000efba       __except1                  1000ffba f   libucrt:fpexcept.obj
 0001:0000f088       __handle_exc               10010088 f   libucrt:fpexcept.obj
 0001:0000f275       __raise_exc                10010275 f   libucrt:fpexcept.obj
 0001:0000f298       __raise_exc_ex             10010298 f   libucrt:fpexcept.obj
 0001:0000f589       __set_errno_from_matherr   10010589 f   libucrt:fpexcept.obj
 0001:0000f5b8       __umatherr                 100105b8 f   libucrt:fpexcept.obj
 0001:0000f65a       __decomp                   1001065a f   libucrt:util.obj
 0001:0000f72e       __set_exp                  1001072e f   libucrt:util.obj
 0001:0000f75d       __sptype                   1001075d f   libucrt:util.obj
 0001:0000f7bb       __fpclass                  100107bb f   libucrt:ieeemisc.obj
 0001:0000f85f       _IsProcessorFeaturePresent@4 1001085f f   kernel32:KERNEL32.dll
 0001:0000f865       ?DloadAcquireSectionWriteAccess@@YGXXZ 10010865 f i DelayImp:delayhlp.obj
 0001:0000f8dc       ?DloadGetSRWLockFunctionPointers@@YGEXZ 100108dc f i DelayImp:delayhlp.obj
 0001:0000f957       ?DloadLock@@YGXXZ          10010957 f i DelayImp:delayhlp.obj
 0001:0000f9b4       ?DloadMakePermanentImageCommit@@YGXPAXK@Z 100109b4 f i DelayImp:delayhlp.obj
 0001:0000fa25       ?DloadObtainSection@@YGPAXPAK0@Z 10010a25 f i DelayImp:delayhlp.obj
 0001:0000faa8       ?DloadProtectSection@@YGXKPAK@Z 10010aa8 f i DelayImp:delayhlp.obj
 0001:0000fb18       ?DloadReleaseSectionWriteAccess@@YGXXZ 10010b18 f i DelayImp:delayhlp.obj
 0001:0000fb8c       ___delayLoadHelper2@8      10010b8c f   DelayImp:delayhlp.obj
 0001:0000fe20       __FindPESection            10010e20 f   LIBCMT:pesect.obj
 0001:0000fe70       __IsNonwritableInCurrentImage 10010e70 f   LIBCMT:pesect.obj
 0001:0000ff30       __ValidateImageBase        10010f30 f   LIBCMT:pesect.obj
 0001:0000ff70       __aulldvrm                 10010f70 f   LIBCMT:ulldvrm.obj
 0001:00010010       __SEH_prolog4_GS           10011010 f   LIBCMT:_sehprolg4gs_.obj
 0001:00010059       __SEH_epilog4_GS           10011059 f   LIBCMT:_sehprolg4gs_.obj
 0001:00010070       __allmul                   10011070 f   LIBCMT:llmul.obj
 0001:000100b0       __alldvrm                  100110b0 f   LIBCMT:lldvrm.obj
 0001:00010190       __aullshr                  10011190 f   LIBCMT:ullshr.obj
 0001:000101b0       __alloca_probe_16          100111b0 f   LIBCMT:alloca16.obj
 0001:000101c6       __alloca_probe_8           100111c6     LIBCMT:alloca16.obj
 0001:000101e0       __chkstk                   100111e0 f   LIBCMT:chkstk.obj
 0001:000101e0       __alloca_probe             100111e0 f   LIBCMT:chkstk.obj
 0001:00010210       __allshl                   10011210 f   LIBCMT:llshl.obj
 0001:00010230       __ftol2_sse                10011230 f   LIBCMT:_ftol2_.obj
 0001:00010239       __ftol2_pentium4           10011239 f   LIBCMT:_ftol2_.obj
 0001:0001024c       __ftol2_sse_excpt          1001124c f   LIBCMT:_ftol2_.obj
 0001:00010270       __ftol2                    10011270 f   LIBCMT:_ftol2_.obj
 0001:000102e5       _memcmp                    100112e5 f   libvcruntime:_memcmp_.obj
 0001:00011f00       _strchr                    10012f00 f   libvcruntime:strchr.obj
 0001:00011f6e       ___from_strstr_to_strchr   10012f6e     libvcruntime:strchr.obj
 0001:0001202b       _wcschr                    1001302b f   libvcruntime:wcschr.obj
 0001:00012100       _strrchr                   10013100 f   libvcruntime:strrchr.obj
 0002:00000000       __imp__GetModuleHandleA@4  10014000     kernel32:KERNEL32.dll
 0002:00000004       __imp__VirtualQuery@12     10014004     kernel32:KERNEL32.dll
 0002:00000008       __imp__VirtualProtect@16   10014008     kernel32:KERNEL32.dll
 0002:0000000c       __imp__GetSystemInfo@4     1001400c     kernel32:KERNEL32.dll
 0002:00000010       __imp__UnhandledExceptionFilter@4 10014010     kernel32:KERNEL32.dll
 0002:00000014       __imp__SetUnhandledExceptionFilter@4 10014014     kernel32:KERNEL32.dll
 0002:00000018       __imp__GetCurrentProcess@0 10014018     kernel32:KERNEL32.dll
 0002:0000001c       __imp__TerminateProcess@8  1001401c     kernel32:KERNEL32.dll
 0002:00000020       __imp__IsProcessorFeaturePresent@4 10014020     kernel32:KERNEL32.dll
 0002:00000024       __imp__QueryPerformanceCounter@4 10014024     kernel32:KERNEL32.dll
 0002:00000028       __imp__GetCurrentProcessId@0 10014028     kernel32:KERNEL32.dll
 0002:0000002c       __imp__GetCurrentThreadId@0 1001402c     kernel32:KERNEL32.dll
 0002:00000030       __imp__GetSystemTimeAsFileTime@4 10014030     kernel32:KERNEL32.dll
 0002:00000034       __imp__InitializeSListHead@4 10014034     kernel32:KERNEL32.dll
 0002:00000038       __imp__IsDebuggerPresent@0 10014038     kernel32:KERNEL32.dll
 0002:0000003c       __imp__GetStartupInfoW@4   1001403c     kernel32:KERNEL32.dll
 0002:00000040       __imp__GetModuleHandleW@4  10014040     kernel32:KERNEL32.dll
 0002:00000044       __imp__RaiseException@16   10014044     kernel32:KERNEL32.dll
 0002:00000048       __imp__InterlockedFlushSList@4 10014048     kernel32:KERNEL32.dll
 0002:0000004c       __imp__RtlUnwind@16        1001404c     kernel32:KERNEL32.dll
 0002:00000050       __imp__GetLastError@0      10014050     kernel32:KERNEL32.dll
 0002:00000054       __imp__SetLastError@4      10014054     kernel32:KERNEL32.dll
 0002:00000058       __imp__EnterCriticalSection@4 10014058     kernel32:KERNEL32.dll
 0002:0000005c       __imp__LeaveCriticalSection@4 1001405c     kernel32:KERNEL32.dll
 0002:00000060       __imp__DeleteCriticalSection@4 10014060     kernel32:KERNEL32.dll
 0002:00000064       __imp__InitializeCriticalSectionAndSpinCount@8 10014064     kernel32:KERNEL32.dll
 0002:00000068       __imp__TlsAlloc@0          10014068     kernel32:KERNEL32.dll
 0002:0000006c       __imp__TlsGetValue@4       1001406c     kernel32:KERNEL32.dll
 0002:00000070       __imp__TlsSetValue@8       10014070     kernel32:KERNEL32.dll
 0002:00000074       __imp__TlsFree@4           10014074     kernel32:KERNEL32.dll
 0002:00000078       __imp__FreeLibrary@4       10014078     kernel32:KERNEL32.dll
 0002:0000007c       __imp__GetProcAddress@8    1001407c     kernel32:KERNEL32.dll
 0002:00000080       __imp__LoadLibraryExW@12   10014080     kernel32:KERNEL32.dll
 0002:00000084       __imp__ExitProcess@4       10014084     kernel32:KERNEL32.dll
 0002:00000088       __imp__GetModuleHandleExW@12 10014088     kernel32:KERNEL32.dll
 0002:0000008c       __imp__GetModuleFileNameA@12 1001408c     kernel32:KERNEL32.dll
 0002:00000090       __imp__MultiByteToWideChar@24 10014090     kernel32:KERNEL32.dll
 0002:00000094       __imp__WideCharToMultiByte@32 10014094     kernel32:KERNEL32.dll
 0002:00000098       __imp__HeapFree@12         10014098     kernel32:KERNEL32.dll
 0002:0000009c       __imp__HeapAlloc@12        1001409c     kernel32:KERNEL32.dll
 0002:000000a0       __imp__LCMapStringW@24     100140a0     kernel32:KERNEL32.dll
 0002:000000a4       __imp__GetLocaleInfoW@16   100140a4     kernel32:KERNEL32.dll
 0002:000000a8       __imp__IsValidLocale@8     100140a8     kernel32:KERNEL32.dll
 0002:000000ac       __imp__GetUserDefaultLCID@0 100140ac     kernel32:KERNEL32.dll
 0002:000000b0       __imp__EnumSystemLocalesW@8 100140b0     kernel32:KERNEL32.dll
 0002:000000b4       __imp__GetACP@0            100140b4     kernel32:KERNEL32.dll
 0002:000000b8       __imp__FindClose@4         100140b8     kernel32:KERNEL32.dll
 0002:000000bc       __imp__FindFirstFileExA@24 100140bc     kernel32:KERNEL32.dll
 0002:000000c0       __imp__FindNextFileA@8     100140c0     kernel32:KERNEL32.dll
 0002:000000c4       __imp__IsValidCodePage@4   100140c4     kernel32:KERNEL32.dll
 0002:000000c8       __imp__GetOEMCP@0          100140c8     kernel32:KERNEL32.dll
 0002:000000cc       __imp__GetCPInfo@8         100140cc     kernel32:KERNEL32.dll
 0002:000000d0       __imp__GetCommandLineA@0   100140d0     kernel32:KERNEL32.dll
 0002:000000d4       __imp__GetCommandLineW@0   100140d4     kernel32:KERNEL32.dll
 0002:000000d8       __imp__GetEnvironmentStringsW@0 100140d8     kernel32:KERNEL32.dll
 0002:000000dc       __imp__FreeEnvironmentStringsW@4 100140dc     kernel32:KERNEL32.dll
 0002:000000e0       __imp__GetProcessHeap@0    100140e0     kernel32:KERNEL32.dll
 0002:000000e4       __imp__GetStdHandle@4      100140e4     kernel32:KERNEL32.dll
 0002:000000e8       __imp__GetFileType@4       100140e8     kernel32:KERNEL32.dll
 0002:000000ec       __imp__GetStringTypeW@16   100140ec     kernel32:KERNEL32.dll
 0002:000000f0       __imp__HeapSize@12         100140f0     kernel32:KERNEL32.dll
 0002:000000f4       __imp__HeapReAlloc@16      100140f4     kernel32:KERNEL32.dll
 0002:000000f8       __imp__SetStdHandle@8      100140f8     kernel32:KERNEL32.dll
 0002:000000fc       __imp__FlushFileBuffers@4  100140fc     kernel32:KERNEL32.dll
 0002:00000100       __imp__WriteFile@20        10014100     kernel32:KERNEL32.dll
 0002:00000104       __imp__GetConsoleCP@0      10014104     kernel32:KERNEL32.dll
 0002:00000108       __imp__GetConsoleMode@8    10014108     kernel32:KERNEL32.dll
 0002:0000010c       __imp__SetFilePointerEx@20 1001410c     kernel32:KERNEL32.dll
 0002:00000110       __imp__CreateFileW@28      10014110     kernel32:KERNEL32.dll
 0002:00000114       __imp__CloseHandle@4       10014114     kernel32:KERNEL32.dll
 0002:00000118       __imp__WriteConsoleW@20    10014118     kernel32:KERNEL32.dll
 0002:0000011c       __imp__DecodePointer@4     1001411c     kernel32:KERNEL32.dll
 0002:00000120       __imp__LoadLibraryExA@12   10014120     kernel32:KERNEL32.dll
 0002:00000124       \177KERNEL32_NULL_THUNK_DATA 10014124     kernel32:KERNEL32.dll
 0002:00000128       __imp__NetLocalGroupEnum@28 10014128     Netapi32:NETAPI32.dll
 0002:0000012c       \177NETAPI32_NULL_THUNK_DATA 1001412c     Netapi32:NETAPI32.dll
 0002:00000130       ___guard_check_icall_fptr  10014130     LIBCMT:guard_support.obj
 0002:00000134       ___xc_a                    10014134     LIBCMT:initializers.obj
 0002:00000138       __register_nodeAddon_      10014138     nodeAddon.obj
 0002:0000013c       ___xc_z                    1001413c     LIBCMT:initializers.obj
 0002:00000140       ___xi_a                    10014140     LIBCMT:initializers.obj
 0002:00000144       ___acrt_multibyte_initializer 10014144     libucrt:multibyte_initializer.obj
 0002:00000148       ___acrt_stdio_initializer  10014148     libucrt:stdio_initializer.obj
 0002:0000014c       ___acrt_tran_sse2_initializer 1001414c     libucrt:sse2_initializer.obj
 0002:00000150       ___xi_z                    10014150     LIBCMT:initializers.obj
 0002:00000154       ___xp_a                    10014154     LIBCMT:initializers.obj
 0002:00000158       ___acrt_locale_terminator  10014158     libucrt:locale_initializer.obj
 0002:0000015c       ___dcrt_console_output_terminator 1001415c     libucrt:console_output_initializer.obj
 0002:00000160       ___acrt_stdio_terminator   10014160     libucrt:stdio_initializer.obj
 0002:00000164       ___xp_z                    10014164     LIBCMT:initializers.obj
 0002:00000168       ___xt_a                    10014168     LIBCMT:initializers.obj
 0002:0000016c       ___xt_z                    1001416c     LIBCMT:initializers.obj
 0002:00000170       __sz_node_exe              10014170     node:node.exe
 0002:00000180       ??_7exception@std@@6B@     10014180     libcpmt:xthrow.obj
 0002:00000188       ??_C@_0BC@EOODALEL@Unknown?5exception?$AA@ 10014188     libcpmt:xthrow.obj
 0002:000001a0       ??_7bad_alloc@std@@6B@     100141a0     libcpmt:xthrow.obj
 0002:000001a8       ??_C@_0P@GHFPNOJB@bad?5allocation?$AA@ 100141a8     libcpmt:xthrow.obj
 0002:000001bc       ??_7logic_error@std@@6B@   100141bc     libcpmt:xthrow.obj
 0002:000001c8       ??_7length_error@std@@6B@  100141c8     libcpmt:xthrow.obj
 0002:000001d0       __pRawDllMain              100141d0     LIBCMT:dll_dllmain.obj
 0002:000001d0       __pDefaultRawDllMain       100141d0     LIBCMT:dll_dllmain.obj
 0002:000001d8       ??_7type_info@@6B@         100141d8     LIBCMT:std_type_info_static.obj
 0002:000001e8       ??_7bad_array_new_length@std@@6B@ 100141e8     LIBCMT:throw_bad_alloc.obj
 0002:000001f0       ??_C@_0BF@KINCDENJ@bad?5array?5new?5length?$AA@ 100141f0     LIBCMT:throw_bad_alloc.obj
 0002:000003bc       ??_C@_08EHJDFFNH@__based?$CI?$AA@ 100143bc     libvcruntime:undname.obj
 0002:000003c8       ??_C@_07KOLFKCDI@__cdecl?$AA@ 100143c8     libvcruntime:undname.obj
 0002:000003d0       ??_C@_08GHMPAG@__pascal?$AA@ 100143d0     libvcruntime:undname.obj
 0002:000003dc       ??_C@_09IFJBGAPI@__stdcall?$AA@ 100143dc     libvcruntime:undname.obj
 0002:000003e8       ??_C@_0L@NPHFGOKO@__thiscall?$AA@ 100143e8     libvcruntime:undname.obj
 0002:000003f4       ??_C@_0L@JMKHOMEK@__fastcall?$AA@ 100143f4     libvcruntime:undname.obj
 0002:00000400       ??_C@_0N@BCKKPABJ@__vectorcall?$AA@ 10014400     libvcruntime:undname.obj
 0002:00000410       ??_C@_09HIJEGCPM@__clrcall?$AA@ 10014410     libvcruntime:undname.obj
 0002:0000041c       ??_C@_06GHPCKEAG@__eabi?$AA@ 1001441c     libvcruntime:undname.obj
 0002:00000424       ??_C@_07JOMMBBKO@__ptr64?$AA@ 10014424     libvcruntime:undname.obj
 0002:0000042c       ??_C@_0L@PILCLIHE@__restrict?$AA@ 1001442c     libvcruntime:undname.obj
 0002:00000438       ??_C@_0M@GFIIJFMG@__unaligned?$AA@ 10014438     libvcruntime:undname.obj
 0002:00000444       ??_C@_09DHDLOLLB@restrict?$CI?$AA@ 10014444     libvcruntime:undname.obj
 0002:00000450       ??_C@_04NIHEBCM@?5new?$AA@ 10014450     libvcruntime:undname.obj
 0002:00000458       ??_C@_07FPCDHGMM@?5delete?$AA@ 10014458     libvcruntime:undname.obj
 0002:00000460       ??_C@_01NEMOKFLO@?$DN?$AA@ 10014460     libvcruntime:undname.obj
 0002:00000464       ??_C@_02GPIOPFAK@?$DO?$DO?$AA@ 10014464     libvcruntime:undname.obj
 0002:00000468       ??_C@_02FODMEDOG@?$DM?$DM?$AA@ 10014468     libvcruntime:undname.obj
 0002:0000046c       ??_C@_01DCLJPIOD@?$CB?$AA@ 1001446c     libvcruntime:undname.obj
 0002:00000470       ??_C@_02EGOFBIJA@?$DN?$DN?$AA@ 10014470     libvcruntime:undname.obj
 0002:00000474       ??_C@_02FDNJECIE@?$CB?$DN?$AA@ 10014474     libvcruntime:undname.obj
 0002:00000478       ??_C@_02GPECMEKF@?$FL?$FN?$AA@ 10014478     libvcruntime:undname.obj
 0002:0000047c       ??_C@_08LHJFAFGD@operator?$AA@ 1001447c     libvcruntime:undname.obj
 0002:00000488       ??_C@_02HBOOOICD@?9?$DO?$AA@ 10014488     libvcruntime:undname.obj
 0002:0000048c       ??_C@_01NBENCBCI@?$CK?$AA@ 1001448c     libvcruntime:undname.obj
 0002:00000490       ??_C@_02ECNGHCIF@?$CL?$CL?$AA@ 10014490     libvcruntime:undname.obj
 0002:00000494       ??_C@_02BAABKJLB@?9?9?$AA@ 10014494     libvcruntime:undname.obj
 0002:00000498       ??_C@_01JOAMLHOP@?9?$AA@   10014498     libvcruntime:undname.obj
 0002:0000049c       ??_C@_01MIFGBAGJ@?$CL?$AA@ 1001449c     libvcruntime:undname.obj
 0002:000004a0       ??_C@_01HNPIGOCE@?$CG?$AA@ 100144a0     libvcruntime:undname.obj
 0002:000004a4       ??_C@_03MNHNFDLC@?9?$DO?$CK?$AA@ 100144a4     libvcruntime:undname.obj
 0002:000004a8       ??_C@_01KMDKNFGN@?1?$AA@   100144a8     libvcruntime:undname.obj
 0002:000004ac       ??_C@_01FGNFDNOH@?$CF?$AA@ 100144ac     libvcruntime:undname.obj
 0002:000004b0       ??_C@_01MNNFJEPP@?$DM?$AA@ 100144b0     libvcruntime:undname.obj
 0002:000004b4       ??_C@_02EHCHHCKH@?$DM?$DN?$AA@ 100144b4     libvcruntime:undname.obj
 0002:000004b8       ??_C@_01PPODPGHN@?$DO?$AA@ 100144b8     libvcruntime:undname.obj
 0002:000004bc       ??_C@_02EEKDKGMJ@?$DO?$DN?$AA@ 100144bc     libvcruntime:undname.obj
 0002:000004c0       ??_C@_01IHBHIGKO@?0?$AA@   100144c0     libvcruntime:undname.obj
 0002:000004c4       ??_C@_02HCKGKOFO@?$CI?$CJ?$AA@ 100144c4     libvcruntime:undname.obj
 0002:000004c8       ??_C@_01PJKLJHI@?$HO?$AA@  100144c8     libvcruntime:undname.obj
 0002:000004cc       ??_C@_01JKBOJNNK@?$FO?$AA@ 100144cc     libvcruntime:undname.obj
 0002:000004d0       ??_C@_01DNKMNLPK@?$HM?$AA@ 100144d0     libvcruntime:undname.obj
 0002:000004d4       ??_C@_02PPKAJPJL@?$CG?$CG?$AA@ 100144d4     libvcruntime:undname.obj
 0002:000004d8       ??_C@_02NONPIBCD@?$HM?$HM?$AA@ 100144d8     libvcruntime:undname.obj
 0002:000004dc       ??_C@_02FPIMKNGF@?$CK?$DN?$AA@ 100144dc     libvcruntime:undname.obj
 0002:000004e0       ??_C@_02FOEOMHFC@?$CL?$DN?$AA@ 100144e0     libvcruntime:undname.obj
 0002:000004e4       ??_C@_02FKMDLLOA@?9?$DN?$AA@ 100144e4     libvcruntime:undname.obj
 0002:000004e8       ??_C@_02FJEHGPIO@?1?$DN?$AA@ 100144e8     libvcruntime:undname.obj
 0002:000004ec       ??_C@_02FENAOKFI@?$CF?$DN?$AA@ 100144ec     libvcruntime:undname.obj
 0002:000004f0       ??_C@_03IKFCCPFF@?$DO?$DO?$DN?$AA@ 100144f0     libvcruntime:undname.obj
 0002:000004f4       ??_C@_03CDNPDDLA@?$DM?$DM?$DN?$AA@ 100144f4     libvcruntime:undname.obj
 0002:000004f8       ??_C@_02FGJGFEAB@?$CG?$DN?$AA@ 100144f8     libvcruntime:undname.obj
 0002:000004fc       ??_C@_02DHLNPPGH@?$HM?$DN?$AA@ 100144fc     libvcruntime:undname.obj
 0002:00000500       ??_C@_02MHEGNOJ@?$FO?$DN?$AA@ 10014500     libvcruntime:undname.obj
 0002:00000504       ??_C@_09IFPLHPGF@?$GAvftable?8?$AA@ 10014504     libvcruntime:undname.obj
 0002:00000510       ??_C@_09BLBHBJP@?$GAvbtable?8?$AA@ 10014510     libvcruntime:undname.obj
 0002:0000051c       ??_C@_07FEEIOKP@?$GAvcall?8?$AA@ 1001451c     libvcruntime:undname.obj
 0002:00000524       ??_C@_08LLFFHHDJ@?$GAtypeof?8?$AA@ 10014524     libvcruntime:undname.obj
 0002:00000530       ??_C@_0BF@KDPPACIK@?$GAlocal?5static?5guard?8?$AA@ 10014530     libvcruntime:undname.obj
 0002:00000548       ??_C@_08OBABFOLI@?$GAstring?8?$AA@ 10014548     libvcruntime:undname.obj
 0002:00000554       ??_C@_0BD@JDLKDPAB@?$GAvbase?5destructor?8?$AA@ 10014554     libvcruntime:undname.obj
 0002:00000568       ??_C@_0BN@DEGPLNFK@?$GAvector?5deleting?5destructor?8?$AA@ 10014568     libvcruntime:undname.obj
 0002:00000588       ??_C@_0BO@OBMKPJIG@?$GAdefault?5constructor?5closure?8?$AA@ 10014588     libvcruntime:undname.obj
 0002:000005a8       ??_C@_0BN@IMDCHIKM@?$GAscalar?5deleting?5destructor?8?$AA@ 100145a8     libvcruntime:undname.obj
 0002:000005c8       ??_C@_0BO@PFGOCPJJ@?$GAvector?5constructor?5iterator?8?$AA@ 100145c8     libvcruntime:undname.obj
 0002:000005e8       ??_C@_0BN@LFPFMEDL@?$GAvector?5destructor?5iterator?8?$AA@ 100145e8     libvcruntime:undname.obj
 0002:00000608       ??_C@_0CE@IKBNEHA@?$GAvector?5vbase?5constructor?5iterat@ 10014608     libvcruntime:undname.obj
 0002:0000062c       ??_C@_0BL@NILFHHPC@?$GAvirtual?5displacement?5map?8?$AA@ 1001462c     libvcruntime:undname.obj
 0002:00000648       ??_C@_0CB@JONCMFFK@?$GAeh?5vector?5constructor?5iterator?8@ 10014648     libvcruntime:undname.obj
 0002:0000066c       ??_C@_0CA@GCEOPDGL@?$GAeh?5vector?5destructor?5iterator?8?$AA@ 1001466c     libvcruntime:undname.obj
 0002:0000068c       ??_C@_0CH@OOJPLCPH@?$GAeh?5vector?5vbase?5constructor?5ite@ 1001468c     libvcruntime:undname.obj
 0002:000006b4       ??_C@_0BL@LLKPOHJI@?$GAcopy?5constructor?5closure?8?$AA@ 100146b4     libvcruntime:undname.obj
 0002:000006d0       ??_C@_0BA@KBCDOMBN@?$GAudt?5returning?8?$AA@ 100146d0     libvcruntime:undname.obj
 0002:000006e0       ??_C@_03KLGMFNMG@?$GAEH?$AA@ 100146e0     libvcruntime:undname.obj
 0002:000006e4       ??_C@_05KHLCHHI@?$GARTTI?$AA@ 100146e4     libvcruntime:undname.obj
 0002:000006ec       ??_C@_0BA@KKLDJDLB@?$GAlocal?5vftable?8?$AA@ 100146ec     libvcruntime:undname.obj
 0002:000006fc       ??_C@_0CE@IIHCMGGL@?$GAlocal?5vftable?5constructor?5closu@ 100146fc     libvcruntime:undname.obj
 0002:00000720       ??_C@_06FHBGPFGH@?5new?$FL?$FN?$AA@ 10014720     libvcruntime:undname.obj
 0002:00000728       ??_C@_09LBNFPBCA@?5delete?$FL?$FN?$AA@ 10014728     libvcruntime:undname.obj
 0002:00000734       ??_C@_0P@HJKNJFNN@?$GAomni?5callsig?8?$AA@ 10014734     libvcruntime:undname.obj
 0002:00000744       ??_C@_0BL@CNOONJFP@?$GAplacement?5delete?5closure?8?$AA@ 10014744     libvcruntime:undname.obj
 0002:00000760       ??_C@_0BN@CKNJLHMB@?$GAplacement?5delete?$FL?$FN?5closure?8?$AA@ 10014760     libvcruntime:undname.obj
 0002:00000780       ??_C@_0CG@CFDHKGGD@?$GAmanaged?5vector?5constructor?5iter@ 10014780     libvcruntime:undname.obj
 0002:000007a8       ??_C@_0CF@IMGKMJNO@?$GAmanaged?5vector?5destructor?5itera@ 100147a8     libvcruntime:undname.obj
 0002:000007d0       ??_C@_0CG@HLDDJMAG@?$GAeh?5vector?5copy?5constructor?5iter@ 100147d0     libvcruntime:undname.obj
 0002:000007f8       ??_C@_0CM@FCBBDIGB@?$GAeh?5vector?5vbase?5copy?5constructo@ 100147f8     libvcruntime:undname.obj
 0002:00000824       ??_C@_0BL@CLIPGLGB@?$GAdynamic?5initializer?5for?5?8?$AA@ 10014824     libvcruntime:undname.obj
 0002:00000840       ??_C@_0CB@PDBIFEP@?$GAdynamic?5atexit?5destructor?5for?5?8@ 10014840     libvcruntime:undname.obj
 0002:00000864       ??_C@_0CD@CGAJBKEJ@?$GAvector?5copy?5constructor?5iterato@ 10014864     libvcruntime:undname.obj
 0002:00000888       ??_C@_0CJ@GJELGAMM@?$GAvector?5vbase?5copy?5constructor?5i@ 10014888     libvcruntime:undname.obj
 0002:000008b4       ??_C@_0CL@FGIJHLCE@?$GAmanaged?5vector?5copy?5constructor@ 100148b4     libvcruntime:undname.obj
 0002:000008e0       ??_C@_0BM@PMGGMLDN@?$GAlocal?5static?5thread?5guard?8?$AA@ 100148e0     libvcruntime:undname.obj
 0002:000008fc       ??_C@_0N@BDNMDMOL@operator?5?$CC?$CC?5?$AA@ 100148fc     libvcruntime:undname.obj
 0002:0000090c       ??_C@_0BC@GGEBGALA@operator?5co_await?$AA@ 1001490c     libvcruntime:undname.obj
 0002:00000920       ??_C@_0BC@DAFEJGAK@?5Type?5Descriptor?8?$AA@ 10014920     libvcruntime:undname.obj
 0002:00000934       ??_C@_0BM@LDKODKLH@?5Base?5Class?5Descriptor?5at?5?$CI?$AA@ 10014934     libvcruntime:undname.obj
 0002:00000950       ??_C@_0BD@LGICGFMM@?5Base?5Class?5Array?8?$AA@ 10014950     libvcruntime:undname.obj
 0002:00000964       ??_C@_0BN@MECKDCOJ@?5Class?5Hierarchy?5Descriptor?8?$AA@ 10014964     libvcruntime:undname.obj
 0002:00000984       ??_C@_0BK@CFCOFLF@?5Complete?5Object?5Locator?8?$AA@ 10014984     libvcruntime:undname.obj
 0002:000009ac       ??_C@_1DM@KHCHBNEB@?$AAa?$AAp?$AAi?$AA?9?$AAm?$AAs?$AA?9?$AAw?$AAi?$AAn?$AA?9?$AAc?$AAo?$AAr?$AAe?$AA?9?$AAf?$AAi?$AAb?$AAe?$AAr?$AAs?$AA?9?$AAl?$AA1?$AA?9?$AA1?$AA?9?$AA1?$AA?$AA@ 100149ac     libvcruntime:winapi_downlevel.obj
 0002:000009e8       ??_C@_1DK@LPPGFMPP@?$AAa?$AAp?$AAi?$AA?9?$AAm?$AAs?$AA?9?$AAw?$AAi?$AAn?$AA?9?$AAc?$AAo?$AAr?$AAe?$AA?9?$AAs?$AAy?$AAn?$AAc?$AAh?$AA?9?$AAl?$AA1?$AA?9?$AA2?$AA?9?$AA0?$AA?$AA@ 100149e8     libvcruntime:winapi_downlevel.obj
 0002:00000a24       ??_C@_1BC@GDMECMAK@?$AAk?$AAe?$AAr?$AAn?$AAe?$AAl?$AA3?$AA2?$AA?$AA@ 10014a24     libvcruntime:winapi_downlevel.obj
 0002:00000a38       ??_C@_1BA@PFFKHIOG@?$AAa?$AAp?$AAi?$AA?9?$AAm?$AAs?$AA?9?$AA?$AA@ 10014a38     libvcruntime:winapi_downlevel.obj
 0002:00000a48       ??_C@_1BA@IAIFMGEF@?$AAe?$AAx?$AAt?$AA?9?$AAm?$AAs?$AA?9?$AA?$AA@ 10014a48     libvcruntime:winapi_downlevel.obj
 0002:00000a60       ??_C@_08KNHFBNJ@FlsAlloc?$AA@ 10014a60     libvcruntime:winapi_downlevel.obj
 0002:00000a74       ??_C@_07PEJMOBNF@FlsFree?$AA@ 10014a74     libvcruntime:winapi_downlevel.obj
 0002:00000a84       ??_C@_0M@GDNOONDI@FlsGetValue?$AA@ 10014a84     libvcruntime:winapi_downlevel.obj
 0002:00000a98       ??_C@_0M@JCPCPOEF@FlsSetValue?$AA@ 10014a98     libvcruntime:winapi_downlevel.obj
 0002:00000aac       ??_C@_0BM@HCFOFFN@InitializeCriticalSectionEx?$AA@ 10014aac     libvcruntime:winapi_downlevel.obj
 0002:00000ac8       __pDestructExceptionObject 10014ac8     libvcruntime:ehhelpers.obj
 0002:00000ad0       ___acrt_exception_action_table 10014ad0     libucrt:exception_filter.obj
 0002:00000b60       ___acrt_signal_action_table_count 10014b60     libucrt:exception_filter.obj
 0002:00000b64       ___acrt_signal_action_first_fpe_index 10014b64     libucrt:exception_filter.obj
 0002:00000b68       ___acrt_signal_action_fpe_count 10014b68     libucrt:exception_filter.obj
 0002:00000b6c       ??_C@_1BI@BGOHAHKC@?$AAm?$AAs?$AAc?$AAo?$AAr?$AAe?$AAe?$AA?4?$AAd?$AAl?$AAl?$AA?$AA@ 10014b6c     libucrt:exit.obj
 0002:00000b84       ??_C@_0P@MIGLKIOC@CorExitProcess?$AA@ 10014b84     libucrt:exit.obj
 0002:00000c68       ??_C@_1EA@JGEFHKEI@?$AAa?$AAp?$AAi?$AA?9?$AAm?$AAs?$AA?9?$AAw?$AAi?$AAn?$AA?9?$AAc?$AAo?$AAr?$AAe?$AA?9?$AAd?$AAa?$AAt?$AAe?$AAt?$AAi?$AAm?$AAe?$AA?9?$AAl?$AA1?$AA?9?$AA1?$AA?9?$AA1?$AA?$AA@ 10014c68     libucrt:winapi_thunks.obj
 0002:00000ca8       ??_C@_1DI@IJCEHOCB@?$AAa?$AAp?$AAi?$AA?9?$AAm?$AAs?$AA?9?$AAw?$AAi?$AAn?$AA?9?$AAc?$AAo?$AAr?$AAe?$AA?9?$AAf?$AAi?$AAl?$AAe?$AA?9?$AAl?$AA1?$AA?9?$AA2?$AA?9?$AA2?$AA?$AA@ 10014ca8     libucrt:winapi_thunks.obj
 0002:00000ce0       ??_C@_1EI@MPIAOHOC@?$AAa?$AAp?$AAi?$AA?9?$AAm?$AAs?$AA?9?$AAw?$AAi?$AAn?$AA?9?$AAc?$AAo?$AAr?$AAe?$AA?9?$AAl?$AAo?$AAc?$AAa?$AAl?$AAi?$AAz?$AAa?$AAt?$AAi?$AAo?$AAn?$AA?9?$AAl?$AA1?$AA?9@ 10014ce0     libucrt:winapi_thunks.obj
 0002:00000d28       ??_C@_1FK@FPHCKFIE@?$AAa?$AAp?$AAi?$AA?9?$AAm?$AAs?$AA?9?$AAw?$AAi?$AAn?$AA?9?$AAc?$AAo?$AAr?$AAe?$AA?9?$AAl?$AAo?$AAc?$AAa?$AAl?$AAi?$AAz?$AAa?$AAt?$AAi?$AAo?$AAn?$AA?9?$AAo?$AAb?$AAs@ 10014d28     libucrt:winapi_thunks.obj
 0002:00000d88       ??_C@_1EM@DILCGIIO@?$AAa?$AAp?$AAi?$AA?9?$AAm?$AAs?$AA?9?$AAw?$AAi?$AAn?$AA?9?$AAc?$AAo?$AAr?$AAe?$AA?9?$AAp?$AAr?$AAo?$AAc?$AAe?$AAs?$AAs?$AAt?$AAh?$AAr?$AAe?$AAa?$AAd?$AAs?$AA?9?$AAl@ 10014d88     libucrt:winapi_thunks.obj
 0002:00000dd4       ??_C@_1DM@LNCGDDPN@?$AAa?$AAp?$AAi?$AA?9?$AAm?$AAs?$AA?9?$AAw?$AAi?$AAn?$AA?9?$AAc?$AAo?$AAr?$AAe?$AA?9?$AAs?$AAt?$AAr?$AAi?$AAn?$AAg?$AA?9?$AAl?$AA1?$AA?9?$AA1?$AA?9?$AA0?$AA?$AA@ 10014dd4     libucrt:winapi_thunks.obj
 0002:00000e10       ??_C@_1DO@FPAPJEMD@?$AAa?$AAp?$AAi?$AA?9?$AAm?$AAs?$AA?9?$AAw?$AAi?$AAn?$AA?9?$AAc?$AAo?$AAr?$AAe?$AA?9?$AAs?$AAy?$AAs?$AAi?$AAn?$AAf?$AAo?$AA?9?$AAl?$AA1?$AA?9?$AA2?$AA?9?$AA1?$AA?$AA@ 10014e10     libucrt:winapi_thunks.obj
 0002:00000e50       ??_C@_1DK@NDHNAHIO@?$AAa?$AAp?$AAi?$AA?9?$AAm?$AAs?$AA?9?$AAw?$AAi?$AAn?$AA?9?$AAc?$AAo?$AAr?$AAe?$AA?9?$AAw?$AAi?$AAn?$AAr?$AAt?$AA?9?$AAl?$AA1?$AA?9?$AA1?$AA?9?$AA0?$AA?$AA@ 10014e50     libucrt:winapi_thunks.obj
 0002:00000e8c       ??_C@_1DM@KGHDGBCM@?$AAa?$AAp?$AAi?$AA?9?$AAm?$AAs?$AA?9?$AAw?$AAi?$AAn?$AA?9?$AAc?$AAo?$AAr?$AAe?$AA?9?$AAx?$AAs?$AAt?$AAa?$AAt?$AAe?$AA?9?$AAl?$AA2?$AA?9?$AA1?$AA?9?$AA0?$AA?$AA@ 10014e8c     libucrt:winapi_thunks.obj
 0002:00000ec8       ??_C@_1EO@IJIOEFOH@?$AAa?$AAp?$AAi?$AA?9?$AAm?$AAs?$AA?9?$AAw?$AAi?$AAn?$AA?9?$AAr?$AAt?$AAc?$AAo?$AAr?$AAe?$AA?9?$AAn?$AAt?$AAu?$AAs?$AAe?$AAr?$AA?9?$AAw?$AAi?$AAn?$AAd?$AAo?$AAw?$AA?9@ 10014ec8     libucrt:winapi_thunks.obj
 0002:00000f18       ??_C@_1FG@HHGEKANL@?$AAa?$AAp?$AAi?$AA?9?$AAm?$AAs?$AA?9?$AAw?$AAi?$AAn?$AA?9?$AAs?$AAe?$AAc?$AAu?$AAr?$AAi?$AAt?$AAy?$AA?9?$AAs?$AAy?$AAs?$AAt?$AAe?$AAm?$AAf?$AAu?$AAn?$AAc?$AAt?$AAi@ 10014f18     libucrt:winapi_thunks.obj
 0002:00000f70       ??_C@_1EG@DBIOJECG@?$AAe?$AAx?$AAt?$AA?9?$AAm?$AAs?$AA?9?$AAw?$AAi?$AAn?$AA?9?$AAn?$AAt?$AAu?$AAs?$AAe?$AAr?$AA?9?$AAd?$AAi?$AAa?$AAl?$AAo?$AAg?$AAb?$AAo?$AAx?$AA?9?$AAl?$AA1?$AA?9?$AA1@ 10014f70     libucrt:winapi_thunks.obj
 0002:00000fb8       ??_C@_1EO@FIHMJCLF@?$AAe?$AAx?$AAt?$AA?9?$AAm?$AAs?$AA?9?$AAw?$AAi?$AAn?$AA?9?$AAn?$AAt?$AAu?$AAs?$AAe?$AAr?$AA?9?$AAw?$AAi?$AAn?$AAd?$AAo?$AAw?$AAs?$AAt?$AAa?$AAt?$AAi?$AAo?$AAn?$AA?9@ 10014fb8     libucrt:winapi_thunks.obj
 0002:00001008       ??_C@_1BC@DNHGCMLG@?$AAa?$AAd?$AAv?$AAa?$AAp?$AAi?$AA3?$AA2?$AA?$AA@ 10015008     libucrt:winapi_thunks.obj
 0002:0000101c       ??_C@_1M@OAIMIKLP@?$AAn?$AAt?$AAd?$AAl?$AAl?$AA?$AA@ 1001501c     libucrt:winapi_thunks.obj
 0002:00001028       ??_C@_1EG@DPGNFKGC@?$AAa?$AAp?$AAi?$AA?9?$AAm?$AAs?$AA?9?$AAw?$AAi?$AAn?$AA?9?$AAa?$AAp?$AAp?$AAm?$AAo?$AAd?$AAe?$AAl?$AA?9?$AAr?$AAu?$AAn?$AAt?$AAi?$AAm?$AAe?$AA?9?$AAl?$AA1?$AA?9?$AA1@ 10015028     libucrt:winapi_thunks.obj
 0002:00001070       ??_C@_1O@BCCLBEOE@?$AAu?$AAs?$AAe?$AAr?$AA3?$AA2?$AA?$AA@ 10015070     libucrt:winapi_thunks.obj
 0002:00001084       ??_C@_0BA@FHFNEAED@AreFileApisANSI?$AA@ 10015084     libucrt:winapi_thunks.obj
 0002:0000109c       ??_C@_0BA@IHGNDAEB@CompareStringEx?$AA@ 1001509c     libucrt:winapi_thunks.obj
 0002:000010b4       ??_C@_0BE@LJANKFHF@EnumSystemLocalesEx?$AA@ 100150b4     libucrt:winapi_thunks.obj
 0002:000010f0       ??_C@_0BA@EPCJIIPD@GetDateFormatEx?$AA@ 100150f0     libucrt:winapi_thunks.obj
 0002:00001108       ??_C@_0BA@ONOKGCMP@GetLocaleInfoEx?$AA@ 10015108     libucrt:winapi_thunks.obj
 0002:00001120       ??_C@_0BA@CIJJKCJJ@GetTimeFormatEx?$AA@ 10015120     libucrt:winapi_thunks.obj
 0002:00001138       ??_C@_0BJ@PBCCBIPI@GetUserDefaultLocaleName?$AA@ 10015138     libucrt:winapi_thunks.obj
 0002:00001164       ??_C@_0BC@CELBKLLA@IsValidLocaleName?$AA@ 10015164     libucrt:winapi_thunks.obj
 0002:00001180       ??_C@_0O@KKBNKAPF@LCMapStringEx?$AA@ 10015180     libucrt:winapi_thunks.obj
 0002:00001198       ??_C@_0BB@CDHDDLLP@LCIDToLocaleName?$AA@ 10015198     libucrt:winapi_thunks.obj
 0002:000011b4       ??_C@_0BB@HBDEELFH@LocaleNameToLCID?$AA@ 100151b4     libucrt:winapi_thunks.obj
 0002:000011cc       ??_C@_0CF@OJOFEIGO@AppPolicyGetProcessTerminationMe@ 100151cc     libucrt:winapi_thunks.obj
 0002:00001278       ___lc_category             10015278     libucrt:wsetlocale.obj
 0002:000012c0       ??_C@_1O@GIFLHMA@?$AAL?$AAC?$AA_?$AAA?$AAL?$AAL?$AA?$AA@ 100152c0     libucrt:wsetlocale.obj
 0002:000012d0       ??_C@_1BG@PPOMIBNJ@?$AAL?$AAC?$AA_?$AAC?$AAO?$AAL?$AAL?$AAA?$AAT?$AAE?$AA?$AA@ 100152d0     libucrt:wsetlocale.obj
 0002:000012e8       ??_C@_1BC@FFJGAPJM@?$AAL?$AAC?$AA_?$AAC?$AAT?$AAY?$AAP?$AAE?$AA?$AA@ 100152e8     libucrt:wsetlocale.obj
 0002:000012fc       ??_C@_1BI@PCKFNJFB@?$AAL?$AAC?$AA_?$AAM?$AAO?$AAN?$AAE?$AAT?$AAA?$AAR?$AAY?$AA?$AA@ 100152fc     libucrt:wsetlocale.obj
 0002:00001314       ??_C@_1BG@ENIEDKID@?$AAL?$AAC?$AA_?$AAN?$AAU?$AAM?$AAE?$AAR?$AAI?$AAC?$AA?$AA@ 10015314     libucrt:wsetlocale.obj
 0002:0000132c       ??_C@_1BA@HAAOMIIG@?$AAL?$AAC?$AA_?$AAT?$AAI?$AAM?$AAE?$AA?$AA@ 1001532c     libucrt:wsetlocale.obj
 0002:0000133c       ??_C@_15NBPDDFIP@?$AA?$DN?$AA?$DL?$AA?$AA@ 1001533c     libucrt:wsetlocale.obj
 0002:00001344       ??_C@_13PJJBFPED@?$AA?$DL?$AA?$AA@ 10015344     libucrt:wsetlocale.obj
 0002:00001348       ??_C@_13NMPKAAJP@?$AA?$DN?$AA?$AA@ 10015348     libucrt:wsetlocale.obj
 0002:0000134c       ??_C@_13FHBKNHDA@?$AAC?$AA?$AA@ 1001534c     libucrt:wsetlocale.obj
 0002:00001350       ??_C@_17MBJJLFDM@?$AA_?$AA?4?$AA?0?$AA?$AA@ 10015350     libucrt:wsetlocale.obj
 0002:00001358       ??_C@_13ENNFDPBH@?$AA_?$AA?$AA@ 10015358     libucrt:wsetlocale.obj
 0002:0000135c       ??_C@_13JOFGPIOO@?$AA?4?$AA?$AA@ 1001535c     libucrt:wsetlocale.obj
 0002:00001360       ??_C@_03KOEHGMDN@Sun?$AA@  10015360     libucrt:nlsdata.obj
 0002:00001364       ??_C@_03PDAGKDH@Mon?$AA@   10015364     libucrt:nlsdata.obj
 0002:00001368       ??_C@_03NAGEINEP@Tue?$AA@  10015368     libucrt:nlsdata.obj
 0002:0000136c       ??_C@_03MHOMLAJA@Wed?$AA@  1001536c     libucrt:nlsdata.obj
 0002:00001370       ??_C@_03IOFIKPDN@Thu?$AA@  10015370     libucrt:nlsdata.obj
 0002:00001374       ??_C@_03IDIOELNC@Fri?$AA@  10015374     libucrt:nlsdata.obj
 0002:00001378       ??_C@_03FEFJNEK@Sat?$AA@   10015378     libucrt:nlsdata.obj
 0002:0000137c       ??_C@_06OOPIFAJ@Sunday?$AA@ 1001537c     libucrt:nlsdata.obj
 0002:00001384       ??_C@_06JLEDEDGH@Monday?$AA@ 10015384     libucrt:nlsdata.obj
 0002:0000138c       ??_C@_07BAAGCFCM@Tuesday?$AA@ 1001538c     libucrt:nlsdata.obj
 0002:00001394       ??_C@_09DLIGFAKA@Wednesday?$AA@ 10015394     libucrt:nlsdata.obj
 0002:000013a0       ??_C@_08HACCIKIA@Thursday?$AA@ 100153a0     libucrt:nlsdata.obj
 0002:000013ac       ??_C@_06JECMNKMI@Friday?$AA@ 100153ac     libucrt:nlsdata.obj
 0002:000013b4       ??_C@_08INBOOONO@Saturday?$AA@ 100153b4     libucrt:nlsdata.obj
 0002:000013c0       ??_C@_03JIHJHPIE@Jan?$AA@  100153c0     libucrt:nlsdata.obj
 0002:000013c4       ??_C@_03HJBDCHOM@Feb?$AA@  100153c4     libucrt:nlsdata.obj
 0002:000013c8       ??_C@_03ODNJBKGA@Mar?$AA@  100153c8     libucrt:nlsdata.obj
 0002:000013cc       ??_C@_03LEOLGMJP@Apr?$AA@  100153cc     libucrt:nlsdata.obj
 0002:000013d0       ??_C@_03CNMDKL@May?$AA@    100153d0     libucrt:nlsdata.obj
 0002:000013d4       ??_C@_03IDFGHECI@Jun?$AA@  100153d4     libucrt:nlsdata.obj
 0002:000013d8       ??_C@_03LBGABGKK@Jul?$AA@  100153d8     libucrt:nlsdata.obj
 0002:000013dc       ??_C@_03IFJFEIGA@Aug?$AA@  100153dc     libucrt:nlsdata.obj
 0002:000013e0       ??_C@_03GGCAPAJC@Sep?$AA@  100153e0     libucrt:nlsdata.obj
 0002:000013e4       ??_C@_03BMAOKBAD@Oct?$AA@  100153e4     libucrt:nlsdata.obj
 0002:000013e8       ??_C@_03JPJOFNIA@Nov?$AA@  100153e8     libucrt:nlsdata.obj
 0002:000013ec       ??_C@_03MKABNOCG@Dec?$AA@  100153ec     libucrt:nlsdata.obj
 0002:000013f0       ??_C@_07CGJPFGJA@January?$AA@ 100153f0     libucrt:nlsdata.obj
 0002:000013f8       ??_C@_08GNJGEPFN@February?$AA@ 100153f8     libucrt:nlsdata.obj
 0002:00001404       ??_C@_05HPCKOFNC@March?$AA@ 10015404     libucrt:nlsdata.obj
 0002:0000140c       ??_C@_05DMJDNLEJ@April?$AA@ 1001540c     libucrt:nlsdata.obj
 0002:00001414       ??_C@_04CNLMGBGM@June?$AA@ 10015414     libucrt:nlsdata.obj
 0002:0000141c       ??_C@_04MIEPOIFP@July?$AA@ 1001541c     libucrt:nlsdata.obj
 0002:00001424       ??_C@_06LBBHFDDG@August?$AA@ 10015424     libucrt:nlsdata.obj
 0002:0000142c       ??_C@_09BHHEALKD@September?$AA@ 1001542c     libucrt:nlsdata.obj
 0002:00001438       ??_C@_07JJNFCEND@October?$AA@ 10015438     libucrt:nlsdata.obj
 0002:00001440       ??_C@_08HCHEGEOA@November?$AA@ 10015440     libucrt:nlsdata.obj
 0002:0000144c       ??_C@_08EDHMEBNP@December?$AA@ 1001544c     libucrt:nlsdata.obj
 0002:00001458       ??_C@_02DEDBPAFC@AM?$AA@   10015458     libucrt:nlsdata.obj
 0002:0000145c       ??_C@_02CJNFDJBF@PM?$AA@   1001545c     libucrt:nlsdata.obj
 0002:00001460       ??_C@_08BPBNCDIB@MM?1dd?1yy?$AA@ 10015460     libucrt:nlsdata.obj
 0002:0000146c       ??_C@_0BE@CKGJFCPC@dddd?0?5MMMM?5dd?0?5yyyy?$AA@ 1001546c     libucrt:nlsdata.obj
 0002:00001480       ??_C@_08JCCMCCIL@HH?3mm?3ss?$AA@ 10015480     libucrt:nlsdata.obj
 0002:0000148c       ??_C@_17MBGCMIPB@?$AAS?$AAu?$AAn?$AA?$AA@ 1001548c     libucrt:nlsdata.obj
 0002:00001494       ??_C@_17KBOMKBF@?$AAM?$AAo?$AAn?$AA?$AA@ 10015494     libucrt:nlsdata.obj
 0002:0000149c       ??_C@_17BMKGEGOJ@?$AAT?$AAu?$AAe?$AA?$AA@ 1001549c     libucrt:nlsdata.obj
 0002:000014a4       ??_C@_17CJEDCEPE@?$AAW?$AAe?$AAd?$AA?$AA@ 100154a4     libucrt:nlsdata.obj
 0002:000014ac       ??_C@_17PDPHAADD@?$AAT?$AAh?$AAu?$AA?$AA@ 100154ac     libucrt:nlsdata.obj
 0002:000014b4       ??_C@_17HFOLPPLP@?$AAF?$AAr?$AAi?$AA?$AA@ 100154b4     libucrt:nlsdata.obj
 0002:000014bc       ??_C@_17GGIBDPIH@?$AAS?$AAa?$AAt?$AA?$AA@ 100154bc     libucrt:nlsdata.obj
 0002:000014c4       ??_C@_1O@IHNHDHPB@?$AAS?$AAu?$AAn?$AAd?$AAa?$AAy?$AA?$AA@ 100154c4     libucrt:nlsdata.obj
 0002:000014d4       ??_C@_1O@MMNBFLIA@?$AAM?$AAo?$AAn?$AAd?$AAa?$AAy?$AA?$AA@ 100154d4     libucrt:nlsdata.obj
 0002:000014e4       ??_C@_1BA@ENFBFFEK@?$AAT?$AAu?$AAe?$AAs?$AAd?$AAa?$AAy?$AA?$AA@ 100154e4     libucrt:nlsdata.obj
 0002:000014f4       ??_C@_1BE@EBOGMDOH@?$AAW?$AAe?$AAd?$AAn?$AAe?$AAs?$AAd?$AAa?$AAy?$AA?$AA@ 100154f4     libucrt:nlsdata.obj
 0002:00001508       ??_C@_1BC@HHMNLIHE@?$AAT?$AAh?$AAu?$AAr?$AAs?$AAd?$AAa?$AAy?$AA?$AA@ 10015508     libucrt:nlsdata.obj
 0002:0000151c       ??_C@_1O@PDICJHAG@?$AAF?$AAr?$AAi?$AAd?$AAa?$AAy?$AA?$AA@ 1001551c     libucrt:nlsdata.obj
 0002:0000152c       ??_C@_1BC@ENMNNPAJ@?$AAS?$AAa?$AAt?$AAu?$AAr?$AAd?$AAa?$AAy?$AA?$AA@ 1001552c     libucrt:nlsdata.obj
 0002:00001540       ??_C@_17DKNBKCHM@?$AAJ?$AAa?$AAn?$AA?$AA@ 10015540     libucrt:nlsdata.obj
 0002:00001548       ??_C@_17LMDJEKJN@?$AAF?$AAe?$AAb?$AA?$AA@ 10015548     libucrt:nlsdata.obj
 0002:00001550       ??_C@_17CKNLEDEC@?$AAM?$AAa?$AAr?$AA?$AA@ 10015550     libucrt:nlsdata.obj
 0002:00001558       ??_C@_17LFPOIHDD@?$AAA?$AAp?$AAr?$AA?$AA@ 10015558     libucrt:nlsdata.obj
 0002:00001560       ??_C@_17PNNKMEED@?$AAM?$AAa?$AAy?$AA?$AA@ 10015560     libucrt:nlsdata.obj
 0002:00001568       ??_C@_17KCJGOCPB@?$AAJ?$AAu?$AAn?$AA?$AA@ 10015568     libucrt:nlsdata.obj
 0002:00001570       ??_C@_17IJPCKHK@?$AAJ?$AAu?$AAl?$AA?$AA@ 10015570     libucrt:nlsdata.obj
 0002:00001578       ??_C@_17ICPELBCN@?$AAA?$AAu?$AAg?$AA?$AA@ 10015578     libucrt:nlsdata.obj
 0002:00001580       ??_C@_17HCHCOKMG@?$AAS?$AAe?$AAp?$AA?$AA@ 10015580     libucrt:nlsdata.obj
 0002:00001588       ??_C@_17FNLKOI@?$AAO?$AAc?$AAt?$AA?$AA@ 10015588     libucrt:nlsdata.obj
 0002:00001590       ??_C@_17BBDMLCIG@?$AAN?$AAo?$AAv?$AA?$AA@ 10015590     libucrt:nlsdata.obj
 0002:00001598       ??_C@_17EGKACKIF@?$AAD?$AAe?$AAc?$AA?$AA@ 10015598     libucrt:nlsdata.obj
 0002:000015a0       ??_C@_1BA@EFMEIEBA@?$AAJ?$AAa?$AAn?$AAu?$AAa?$AAr?$AAy?$AA?$AA@ 100155a0     libucrt:nlsdata.obj
 0002:000015b0       ??_C@_1BC@JGDDFFAM@?$AAF?$AAe?$AAb?$AAr?$AAu?$AAa?$AAr?$AAy?$AA?$AA@ 100155b0     libucrt:nlsdata.obj
 0002:000015c4       ??_C@_1M@IKEENEDF@?$AAM?$AAa?$AAr?$AAc?$AAh?$AA?$AA@ 100155c4     libucrt:nlsdata.obj
 0002:000015d0       ??_C@_1M@GJNLMHFD@?$AAA?$AAp?$AAr?$AAi?$AAl?$AA?$AA@ 100155d0     libucrt:nlsdata.obj
 0002:000015dc       ??_C@_19EPFLPGAP@?$AAJ?$AAu?$AAn?$AAe?$AA?$AA@ 100155dc     libucrt:nlsdata.obj
 0002:000015e8       ??_C@_19BIFMLPCD@?$AAJ?$AAu?$AAl?$AAy?$AA?$AA@ 100155e8     libucrt:nlsdata.obj
 0002:000015f4       ??_C@_1O@PAHLKOAC@?$AAA?$AAu?$AAg?$AAu?$AAs?$AAt?$AA?$AA@ 100155f4     libucrt:nlsdata.obj
 0002:00001604       ??_C@_1BE@DKAAMBJL@?$AAS?$AAe?$AAp?$AAt?$AAe?$AAm?$AAb?$AAe?$AAr?$AA?$AA@ 10015604     libucrt:nlsdata.obj
 0002:00001618       ??_C@_1BA@EPANDLNG@?$AAO?$AAc?$AAt?$AAo?$AAb?$AAe?$AAr?$AA?$AA@ 10015618     libucrt:nlsdata.obj
 0002:00001628       ??_C@_1BC@BGLIFPF@?$AAN?$AAo?$AAv?$AAe?$AAm?$AAb?$AAe?$AAr?$AA?$AA@ 10015628     libucrt:nlsdata.obj
 0002:0000163c       ??_C@_1BC@FEMKIFH@?$AAD?$AAe?$AAc?$AAe?$AAm?$AAb?$AAe?$AAr?$AA?$AA@ 1001563c     libucrt:nlsdata.obj
 0002:00001650       ??_C@_15ODEHAHHF@?$AAA?$AAM?$AA?$AA@ 10015650     libucrt:nlsdata.obj
 0002:00001658       ??_C@_15CLMNNGEL@?$AAP?$AAM?$AA?$AA@ 10015658     libucrt:nlsdata.obj
 0002:00001660       ??_C@_1BC@IEBCMHCM@?$AAM?$AAM?$AA?1?$AAd?$AAd?$AA?1?$AAy?$AAy?$AA?$AA@ 10015660     libucrt:nlsdata.obj
 0002:00001674       ??_C@_1CI@KNAKOEBC@?$AAd?$AAd?$AAd?$AAd?$AA?0?$AA?5?$AAM?$AAM?$AAM?$AAM?$AA?5?$AAd?$AAd?$AA?0?$AA?5?$AAy?$AAy?$AAy?$AAy?$AA?$AA@ 10015674     libucrt:nlsdata.obj
 0002:0000169c       ??_C@_1BC@GDGBMEMK@?$AAH?$AAH?$AA?3?$AAm?$AAm?$AA?3?$AAs?$AAs?$AA?$AA@ 1001569c     libucrt:nlsdata.obj
 0002:000016b0       ??_C@_1M@BMHNFIME@?$AAe?$AAn?$AA?9?$AAU?$AAS?$AA?$AA@ 100156b0     libucrt:nlsdata.obj
 0002:000016c0       ___lc_time_c               100156c0     libucrt:nlsdata.obj
 0002:00001998       ??_C@_1M@HPNHIDJI@?$AAj?$AAa?$AA?9?$AAJ?$AAP?$AA?$AA@ 10015998     libucrt:mbctype.obj
 0002:000019a4       ??_C@_1M@BIBDDEMK@?$AAz?$AAh?$AA?9?$AAC?$AAN?$AA?$AA@ 100159a4     libucrt:mbctype.obj
 0002:000019b0       ??_C@_1M@JLOOOEGK@?$AAk?$AAo?$AA?9?$AAK?$AAR?$AA?$AA@ 100159b0     libucrt:mbctype.obj
 0002:000019bc       ??_C@_1M@CLNBBOPM@?$AAz?$AAh?$AA?9?$AAT?$AAW?$AA?$AA@ 100159bc     libucrt:mbctype.obj
 0002:000019c8       __wctype                   100159c8     libucrt:ctype.obj
 0002:00001bd0       ___newctype                10015bd0     libucrt:ctype.obj
 0002:00001ed0       ___newclmap                10015ed0     libucrt:ctype.obj
[...]
 0002:00000c18       ?module_names@?A0x391cf84c@@3QBQB_WB 10014c18     libucrt:winapi_thunks.obj
 0002:00001080       ?candidate_modules@?1??try_get_AreFileApisANSI@@YAP6GHXZXZ@4QBW4module_id@?A0x391cf84c@@B 10015080     libucrt:winapi_thunks.obj
 0002:00001094       ?candidate_modules@?1??try_get_CompareStringEx@@YAP6GHPB_WK0H0HPAU_nlsversioninfo@@PAXJ@ZXZ@4QBW4module_id@?A0x391cf84c@@B 10015094     libucrt:winapi_thunks.obj
 0002:000010ac       ?candidate_modules@?1??try_get_EnumSystemLocalesEx@@YAP6GHP6GHPA_WKJ@ZKJPAX@ZXZ@4QBW4module_id@?A0x391cf84c@@B 100150ac     libucrt:winapi_thunks.obj
 0002:000010c8       ?candidate_modules@?1??try_get_FlsAlloc@@YAP6GKP6GXPAX@Z@ZXZ@4QBW4module_id@?A0x391cf84c@@B 100150c8     libucrt:winapi_thunks.obj
 0002:000010d0       ?candidate_modules@?1??try_get_FlsFree@@YAP6GHK@ZXZ@4QBW4module_id@?A0x391cf84c@@B 100150d0     libucrt:winapi_thunks.obj
 0002:000010d8       ?candidate_modules@?1??try_get_FlsGetValue@@YAP6GPAXK@ZXZ@4QBW4module_id@?A0x391cf84c@@B 100150d8     libucrt:winapi_thunks.obj
 0002:000010e0       ?candidate_modules@?1??try_get_FlsSetValue@@YAP6GHKPAX@ZXZ@4QBW4module_id@?A0x391cf84c@@B 100150e0     libucrt:winapi_thunks.obj
 0002:000010e8       ?candidate_modules@?1??try_get_GetDateFormatEx@@YAP6GHPB_WKPBU_SYSTEMTIME@@0PA_WH0@ZXZ@4QBW4module_id@?A0x391cf84c@@B 100150e8     libucrt:winapi_thunks.obj
 0002:00001100       ?candidate_modules@?1??try_get_GetLocaleInfoEx@@YAP6GHPB_WKPA_WH@ZXZ@4QBW4module_id@?A0x391cf84c@@B 10015100     libucrt:winapi_thunks.obj
 0002:00001118       ?candidate_modules@?1??try_get_GetTimeFormatEx@@YAP6GHPB_WKPBU_SYSTEMTIME@@0PA_WH@ZXZ@4QBW4module_id@?A0x391cf84c@@B 10015118     libucrt:winapi_thunks.obj
 0002:00001130       ?candidate_modules@?1??try_get_GetUserDefaultLocaleName@@YAP6GHPA_WH@ZXZ@4QBW4module_id@?A0x391cf84c@@B 10015130     libucrt:winapi_thunks.obj
 0002:00001154       ?candidate_modules@?1??try_get_InitializeCriticalSectionEx@@YAP6GHPAU_RTL_CRITICAL_SECTION@@KK@ZXZ@4QBW4module_id@?A0x391cf84c@@B 10015154     libucrt:winapi_thunks.obj
 0002:0000115c       ?candidate_modules@?1??try_get_IsValidLocaleName@@YAP6GHPB_W@ZXZ@4QBW4module_id@?A0x391cf84c@@B 1001515c     libucrt:winapi_thunks.obj
 0002:00001178       ?candidate_modules@?1??try_get_LCMapStringEx@@YAP6GHPB_WK0HPA_WHPAU_nlsversioninfo@@PAXJ@ZXZ@4QBW4module_id@?A0x391cf84c@@B 10015178     libucrt:winapi_thunks.obj
 0002:00001190       ?candidate_modules@?1??try_get_LCIDToLocaleName@@YAP6GHKPA_WHK@ZXZ@4QBW4module_id@?A0x391cf84c@@B 10015190     libucrt:winapi_thunks.obj
 0002:000011ac       ?candidate_modules@?1??try_get_LocaleNameToLCID@@YAP6GKPB_WK@ZXZ@4QBW4module_id@?A0x391cf84c@@B 100151ac     libucrt:winapi_thunks.obj
 0002:000011c8       ?candidate_modules@?1??try_get_AppPolicyGetProcessTerminationMethod@@YAP6GJPAXPAW4AppPolicyProcessTerminationMethod@@@ZXZ@4QBW4module_id@?A0x391cf84c@@B 100151c8     libucrt:winapi_thunks.obj
 0002:000011f8       __first_127char            100151f8     libucrt:wsetlocale.obj
 0002:00001828       ?errtable@@3QBUerrentry@?A0x31fdb9ec@@B 10015828     libucrt:errno.obj
 0002:00001988       ?_mb_locale_names@@3QBQB_WB 10015988     libucrt:mbctype.obj
 0002:000021d0       ?LcidToLocaleNameTable@?A0x881e4c05@@3QBULcidToLocaleName@1@B 100161d0     libucrt:lcidtoname_downlevel.obj
 0002:000032f8       ?LocaleNameToIndexTable@?A0x881e4c05@@3QBULocaleNameIndex@1@B 100172f8     libucrt:lcidtoname_downlevel.obj
 0002:00005000       LOG_name                   10019000     libucrt:log10_impl.obj
 0002:00005010       _One                       10019010     libucrt:ceil_pentium4.obj
 0002:00005020       _Bns                       10019020     libucrt:ceil_pentium4.obj
 0002:00005030       _Zero                      10019030     libucrt:ceil_pentium4.obj
 0002:00005040       _S                         10019040     libucrt:ceil_pentium4.obj
 0002:00005050       _NegZero                   10019050     libucrt:ceil_pentium4.obj
 0002:00005070       emask                      10019070     libucrt:log10_pentium4.obj
 0002:00005080       CC                         10019080     libucrt:log10_pentium4.obj
 0002:00005090       Magic                      10019090     libucrt:log10_pentium4.obj
 0002:000050a0       hi_mask                    100190a0     libucrt:log10_pentium4.obj
 0002:000050b0       LOG10_2                    100190b0     libucrt:log10_pentium4.obj
 0002:000050c0       place_L                    100190c0     libucrt:log10_pentium4.obj
 0002:000050e0       One                        100190e0     libucrt:log10_pentium4.obj
 0002:000050f0       Zero                       100190f0     libucrt:log10_pentium4.obj
 0002:00005100       Two52                      10019100     libucrt:log10_pentium4.obj
 0002:00005110       Infs                       10019110     libucrt:log10_pentium4.obj
 0002:00005120       NaN                        10019120     libucrt:log10_pentium4.obj
 0002:00005130       coeff                      10019130     libucrt:log10_pentium4.obj
 0002:0000518e       _log2max                   1001918e     libucrt:87tran.obj
 0002:00005198       _smallarg                  10019198     libucrt:87tran.obj
 0002:000051a2       _half                      100191a2     libucrt:87tran.obj
 0002:000051ee       One                        100191ee     libucrt:87disp.obj
 0002:000051f6       Three                      100191f6     libucrt:87disp.obj
 0002:000051fe       XAMtoTagTab                100191fe     libucrt:87disp.obj
 0002:00005210       One                        10019210     libucrt:common.obj
 0002:00005224       DblMax                     10019224     libucrt:common.obj
 0002:0000522c       DblMin                     1001922c     libucrt:common.obj
 0002:00005234       IeeeAdjO                   10019234     libucrt:common.obj
 0002:0000523c       IeeeAdjU                   1001923c     libucrt:common.obj
 0002:00005244       _infinity                  10019244     libucrt:common.obj
 0002:0000524c       _zero                      1001924c     libucrt:common.obj
 0002:00005288       _over                      10019288     libucrt:fpctrl.obj
 0002:00005294       _under                     10019294     libucrt:fpctrl.obj
 0002:00005ac8       ?_names@?1??_get_fname@@9@9 10019ac8     libucrt:fpexcept.obj
 0002:00006418       __sehtable$?dllmain_crt_process_attach@@YAHQAUHINSTANCE__@@QAX@Z 1001a418     LIBCMT:dll_dllmain.obj
 0002:00006438       __sehtable$?dllmain_crt_process_detach@@YAH_N@Z 1001a438     LIBCMT:dll_dllmain.obj
 0002:00006458       __sehtable$?dllmain_dispatch@@YAHQAUHINSTANCE__@@KQAX@Z 1001a458     LIBCMT:dll_dllmain.obj
 0002:000064b0       __sehtable$___scrt_is_nonwritable_in_current_image 1001a4b0     LIBCMT:utility.obj
 0002:000064d0       __sehtable$___DestructExceptionObject 1001a4d0     libvcruntime:ehhelpers.obj
 0002:000064f0       __sehtable$??$?RV<lambda_0fef6fff2b5e6b53303c9058db11ae1f>@@AAV<lambda_082c17da81b0962e08c0587ee0fac50c>@@V<lambda_fa6e051aed0a38726081083cc7c328e9>@@@?$__crt_seh_guarded_call@PAD@@QAEPAD$$QAV<lambda_0fef6fff2b5e6b53303c9058db11ae1f>@@AAV<lambda_082c17da81b0962e08c0587ee0fac50c>@@$$QAV<lambda_fa6e051aed0a38726081083cc7c328e9>@@@Z 1001a4f0     libucrt:setlocale.obj
 0002:00006510       __sehtable$__query_new_handler 1001a510     libucrt:new_handler.obj
 0002:00006530       __sehtable$??R<lambda_6e4b09c48022b2350581041d5f6b0c4c>@@QBE@XZ 1001a530     libucrt:exit.obj
 0002:00006550       __sehtable$??$?RV<lambda_03b1d95aef87969028cfba75ccab2455>@@AAV<lambda_6e4b09c48022b2350581041d5f6b0c4c>@@V<lambda_22bdf7517842c4b3e53723af5aa32b9e>@@@?$__crt_seh_guarded_call@X@@QAEX$$QAV<lambda_03b1d95aef87969028cfba75ccab2455>@@AAV<lambda_6e4b09c48022b2350581041d5f6b0c4c>@@$$QAV<lambda_22bdf7517842c4b3e53723af5aa32b9e>@@@Z 1001a550     libucrt:exit.obj
 0002:00006570       __sehtable$??$?RV<lambda_69a2805e680e0e292e8ba93315fe43a8>@@AAV<lambda_f03950bc5685219e0bcd2087efbe011e>@@V<lambda_03fcd07e894ec930e3f35da366ca99d6>@@@?$__crt_seh_guarded_call@H@@QAEH$$QAV<lambda_69a2805e680e0e292e8ba93315fe43a8>@@AAV<lambda_f03950bc5685219e0bcd2087efbe011e>@@$$QAV<lambda_03fcd07e894ec930e3f35da366ca99d6>@@@Z 1001a570     libucrt:onexit.obj
 0002:00006590       __sehtable$_terminate      1001a590     libucrt:terminate.obj
 0002:000065b0       __sehtable$??$?RV<lambda_15ade71b0218206bbe3333a0c9b79046>@@AAV<lambda_da44e0f8b0f19ba52fefafb335991732>@@V<lambda_207f2d024fc103971653565357d6cd41>@@@?$__crt_seh_guarded_call@X@@QAEX$$QAV<lambda_15ade71b0218206bbe3333a0c9b79046>@@AAV<lambda_da44e0f8b0f19ba52fefafb335991732>@@$$QAV<lambda_207f2d024fc103971653565357d6cd41>@@@Z 1001a5b0     libucrt:per_thread_data.obj
 0002:000065d0       __sehtable$??$?RV<lambda_a7e850c220f1c8d1e6efeecdedd162c6>@@AAV<lambda_46720907175c18b6c9d2717bc0d2d362>@@V<lambda_9048902d66e8d99359bc9897bbb930a8>@@@?$__crt_seh_guarded_call@X@@QAEX$$QAV<lambda_a7e850c220f1c8d1e6efeecdedd162c6>@@AAV<lambda_46720907175c18b6c9d2717bc0d2d362>@@$$QAV<lambda_9048902d66e8d99359bc9897bbb930a8>@@@Z 1001a5d0     libucrt:per_thread_data.obj
 0002:000065f0       __sehtable$??$?RV<lambda_38edbb1296d33220d7e4dd0ed76b244a>@@AAV<lambda_5ce1d447e08cb34b2473517608e21441>@@V<lambda_fb385d3da700c9147fc39e65dd577a8c>@@@?$__crt_seh_guarded_call@X@@QAEX$$QAV<lambda_38edbb1296d33220d7e4dd0ed76b244a>@@AAV<lambda_5ce1d447e08cb34b2473517608e21441>@@$$QAV<lambda_fb385d3da700c9147fc39e65dd577a8c>@@@Z 1001a5f0     libucrt:per_thread_data.obj
 0002:00006610       __sehtable$??$?RV<lambda_6affb1475c98b40b75cdec977db92e3c>@@AAV<lambda_b8d4b9c228a6ecc3f80208dbb4b4a104>@@V<lambda_608742c3c92a14382c1684fc64f96c88>@@@?$__crt_seh_guarded_call@X@@QAEX$$QAV<lambda_6affb1475c98b40b75cdec977db92e3c>@@AAV<lambda_b8d4b9c228a6ecc3f80208dbb4b4a104>@@$$QAV<lambda_608742c3c92a14382c1684fc64f96c88>@@@Z 1001a610     libucrt:per_thread_data.obj
 0002:00006630       __sehtable$??$?RV<lambda_93797fb4802c957ba6a7f08e1250235b>@@AAV<lambda_1f3ce6bd48e0aa2e72a71c02eee379d3>@@V<lambda_56cae30c9364c9b6c15aeaac05d0418e>@@@?$__crt_seh_guarded_call@H@@QAEH$$QAV<lambda_93797fb4802c957ba6a7f08e1250235b>@@AAV<lambda_1f3ce6bd48e0aa2e72a71c02eee379d3>@@$$QAV<lambda_56cae30c9364c9b6c15aeaac05d0418e>@@@Z 1001a630     libucrt:winapi_thunks.obj
 0002:00006650       __sehtable$??$?RV<lambda_e5124f882df8998aaf41531e079ba474>@@AAV<lambda_3e16ef9562a7dcce91392c22ab16ea36>@@V<lambda_e25ca0880e6ef98be67edffd8c599615>@@@?$__crt_seh_guarded_call@X@@QAEX$$QAV<lambda_e5124f882df8998aaf41531e079ba474>@@AAV<lambda_3e16ef9562a7dcce91392c22ab16ea36>@@$$QAV<lambda_e25ca0880e6ef98be67edffd8c599615>@@@Z 1001a650     libucrt:wsetlocale.obj
 0002:00006670       __sehtable$??$?RV<lambda_303d0ad9bde654cb3f803a73716ce7a4>@@AAV<lambda_92fe181106aff629c9a2e25713a64969>@@V<lambda_184325e10b6cff6f771390cbceab281b>@@@?$__crt_seh_guarded_call@X@@QAEX$$QAV<lambda_303d0ad9bde654cb3f803a73716ce7a4>@@AAV<lambda_92fe181106aff629c9a2e25713a64969>@@$$QAV<lambda_184325e10b6cff6f771390cbceab281b>@@@Z 1001a670     libucrt:wsetlocale.obj
 0002:00006690       __sehtable$??$?RV<lambda_38c1253c7a74f5d2d430989951395d98>@@AAV<lambda_b163b37eafe0a13f2c371fafeb0365c9>@@AAV<lambda_8dff2cf36a5417162780cd64fa2883ef>@@@?$__crt_seh_guarded_call@X@@QAEX$$QAV<lambda_38c1253c7a74f5d2d430989951395d98>@@AAV<lambda_b163b37eafe0a13f2c371fafeb0365c9>@@AAV<lambda_8dff2cf36a5417162780cd64fa2883ef>@@@Z 1001a690     libucrt:wsetlocale.obj
 0002:000066b0       __sehtable$?update_thread_multibyte_data_internal@@YAPAU__crt_multibyte_data@@QAU__acrt_ptd@@QAPAU1@@Z 1001a6b0     libucrt:mbctype.obj
 0002:000066d0       __sehtable$??$?RV<lambda_ceb1ee4838e85a9d631eb091e2fbe199>@@AAV<lambda_ae742caa10f662c28703da3d2ea5e57e>@@V<lambda_cd08b5d6af4937fe54fc07d0c9bf6b37>@@@?$__crt_seh_guarded_call@X@@QAEX$$QAV<lambda_ceb1ee4838e85a9d631eb091e2fbe199>@@AAV<lambda_ae742caa10f662c28703da3d2ea5e57e>@@$$QAV<lambda_cd08b5d6af4937fe54fc07d0c9bf6b37>@@@Z 1001a6d0     libucrt:mbctype.obj
 0002:000066f0       __sehtable$___acrt_initialize_lowio 1001a6f0     libucrt:ioinit.obj
 0002:00006710       __sehtable$_raise          1001a710     libucrt:signal.obj
 0002:00006730       __sehtable$??$?RV<lambda_cbab9ec6f41b0180b23cc171c22676b0>@@AAV<lambda_44731a7d0e6d81c3e6aa82d741081786>@@V<lambda_4b292cb8dd18144e164572427af410ab>@@@?$__crt_seh_guarded_call@P6AXH@Z@@QAEP6AXH@Z$$QAV<lambda_cbab9ec6f41b0180b23cc171c22676b0>@@AAV<lambda_44731a7d0e6d81c3e6aa82d741081786>@@$$QAV<lambda_4b292cb8dd18144e164572427af410ab>@@@Z 1001a730     libucrt:signal.obj
 0002:00006750       __sehtable$??$?RV<lambda_2866be3712abc81a800a822484c830d8>@@AAV<lambda_39ca0ed439415581b5b15c265174cece>@@V<lambda_2b24c74d71094a6cd0cb82e44167d71b>@@@?$__crt_seh_guarded_call@X@@QAEX$$QAV<lambda_2866be3712abc81a800a822484c830d8>@@AAV<lambda_39ca0ed439415581b5b15c265174cece>@@$$QAV<lambda_2b24c74d71094a6cd0cb82e44167d71b>@@@Z 1001a750     libucrt:fflush.obj
 0002:00006770       __sehtable$??$?RV<lambda_2cc53f568c5a2bb6f192f930a45d44ea>@@AAV<lambda_ab61a845afdef5b7c387490eaf3616ee>@@V<lambda_c2ffc0b7726aa6be21d5f0026187e748>@@@?$__crt_seh_guarded_call@X@@QAEX$$QAV<lambda_2cc53f568c5a2bb6f192f930a45d44ea>@@AAV<lambda_ab61a845afdef5b7c387490eaf3616ee>@@$$QAV<lambda_c2ffc0b7726aa6be21d5f0026187e748>@@@Z 1001a770     libucrt:fflush.obj
 0002:00006790       __sehtable$___acrt_update_thread_locale_data 1001a790     libucrt:locale_refcounting.obj
 0002:000067b0       __sehtable$___acrt_lowio_ensure_fh_exists 1001a7b0     libucrt:osfinfo.obj
 0002:000067d0       __sehtable$??$?RV<lambda_9e9de3de5fa147e2223d7db92bc10aa6>@@AAV<lambda_38ce7e780aa69e748d6df282ebc68efe>@@V<lambda_8ca6da459f0f6780f1cff60fdc3d00e5>@@@?$__crt_seh_guarded_call@H@@QAEH$$QAV<lambda_9e9de3de5fa147e2223d7db92bc10aa6>@@AAV<lambda_38ce7e780aa69e748d6df282ebc68efe>@@$$QAV<lambda_8ca6da459f0f6780f1cff60fdc3d00e5>@@@Z 1001a7d0     libucrt:commit.obj
 0002:000067f0       __sehtable$__write         1001a7f0     libucrt:write.obj
 0002:00006810       __sehtable$__fcloseall     1001a810     libucrt:closeall.obj
 0002:00006830       __sehtable$_fclose         1001a830     libucrt:fclose.obj
 0002:00006850       __sehtable$??$?RV<lambda_218ce3db14220d0be481dae8ef3383b6>@@AAV<lambda_628dfdc04ba53c8bfc02c9951375f3f5>@@V<lambda_57dc472bd5c9d5f3b2cbca59b8a843ae>@@@?$__crt_seh_guarded_call@H@@QAEH$$QAV<lambda_218ce3db14220d0be481dae8ef3383b6>@@AAV<lambda_628dfdc04ba53c8bfc02c9951375f3f5>@@$$QAV<lambda_57dc472bd5c9d5f3b2cbca59b8a843ae>@@@Z 1001a850     libucrt:close.obj
 0002:00006870       __sehtable$__IsNonwritableInCurrentImage 1001a870     LIBCMT:pesect.obj
 0002:00006c20       .edata                     1001ac20     nodeAddon.exp
 0002:00006c48       rgpv                       1001ac48     nodeAddon.exp
 0002:00006c4c       rgszName                   1001ac4c     nodeAddon.exp
 0002:00006c50       rgwOrd                     1001ac50     nodeAddon.exp
 0002:00006c52       szName                     1001ac52     nodeAddon.exp
 0002:00006c61       $N00001                    1001ac61     nodeAddon.exp
 0002:00006df8       .idata$6                   1001adf8     kernel32:KERNEL32.dll
 0002:00006e1a       .idata$6                   1001ae1a     Netapi32:NETAPI32.dll
 0003:00000020       ?__vcrt_flsindex@@3KA      1001c020     libvcruntime:per_thread_data.obj
 0003:00000044       ?__acrt_flsindex@@3KA      1001c044     libucrt:per_thread_data.obj
 0003:00000048       __ctype_loc_style          1001c048     libucrt:wsetlocale.obj
 0003:0000011c       ?errno_no_memory@@3HA      1001c11c     libucrt:errno.obj
 0003:00000120       ?doserrno_no_memory@@3KA   1001c120     libucrt:errno.obj
 0003:00000128       __mbctypes                 1001c128     libucrt:mbctype.obj
 0003:00000230       __mbcasemaps               1001c230     libucrt:mbctype.obj
 0003:00000330       ?__rgctypeflag@@3PADA      1001c330     libucrt:mbctype.obj
 0003:00000338       ?__rgcode_page_info@@3PAUcode_page_info@@A 1001c338     libucrt:mbctype.obj
 0003:00000760       ?__dcrt_lowio_console_output_handle@@3PAXA 1001c760     libucrt:initcon.obj
 0003:00000780       __module                   1001c780     nodeAddon.obj
 0003:00000894       ?__proc_attached@@3HA      1001c894     LIBCMT:dll_dllmain.obj
 0003:00000898       _GS_ExceptionRecord        1001c898     LIBCMT:gs_report.obj
 0003:000008e8       _GS_ContextRecord          1001c8e8     LIBCMT:gs_report.obj
 0003:00000bd8       ?module_local_atexit_table@@3U_onexit_table_t@@A 1001cbd8     LIBCMT:utility.obj
 0003:00000be4       ?module_local_at_quick_exit_table@@3U_onexit_table_t@@A 1001cbe4     LIBCMT:utility.obj
 0003:00000bf0       ?module_local_atexit_table_initialized@@3_NA 1001cbf0     LIBCMT:utility.obj
 0003:00000bf1       ?is_initialized_as_dll@@3_NA 1001cbf1     LIBCMT:utility.obj
 0003:00000c28       ?heap@@3V_HeapManager@@A   1001cc28     libvcruntime:undname.obj
 0003:00000c3c       ?__vcrt_startup_thread_ptd@@3U__vcrt_ptd@@A 1001cc3c     libvcruntime:per_thread_data.obj
 0003:00000c64       ___vcrt_lock_table         1001cc64     libvcruntime:locks.obj
 0003:00000c7c       ___vcrt_locks_initialized  1001cc7c     libvcruntime:locks.obj
 0003:00000c80       ?module_handles@@3PAPAUHINSTANCE__@@A 1001cc80     libvcruntime:winapi_downlevel.obj
 0003:00000c8c       ?encoded_function_pointers@@3PAPAXA 1001cc8c     libvcruntime:winapi_downlevel.obj
 0003:00000ca8       ?__acrt_invalid_parameter_handler@@3V?$dual_state_global@P6AXPB_W00II@Z@__crt_state_management@@A 1001cca8     libucrt:invalid_parameter.obj
 0003:00000cac       ?__acrt_new_handler@@3V?$dual_state_global@P6AHI@Z@__crt_state_management@@A 1001ccac     libucrt:new_handler.obj
 0003:00000cb0       ?c_termination_complete@@3JA 1001ccb0     libucrt:exit.obj
 0003:00000cb4       ?thread_local_exit_callback_func@@3P6GXPAXK0@ZA 1001ccb4     libucrt:exit.obj
 0003:00000cc0       ?program_name@?1???$common_configure_argv@D@@YAHW4_crt_argv_mode@@@Z@4PADA 1001ccc0     libucrt:argv_parsing.obj
 0003:00000df0       ?__acrt_lock_table@@3PAU_RTL_CRITICAL_SECTION@@A 1001cdf0     libucrt:locks.obj
 0003:00000f40       ?__acrt_locks_initialized@@3IA 1001cf40     libucrt:locks.obj
 0003:00000f48       ?module_handles@@3PAPAUHINSTANCE__@@A 1001cf48     libucrt:winapi_thunks.obj
 0003:00000f98       ?encoded_function_pointers@@3PAPAXA 1001cf98     libucrt:winapi_thunks.obj
 0003:00001020       ?static_enum_proc@?1??enum_system_locales_ex_nolock@@YAHQ6GHPA_WKJ@Z@Z@4P6GH0KJ@ZA 1001d020     libucrt:winapi_thunks.obj
 0003:00001038       ?fSystemSet@@3HA           1001d038     libucrt:mbctype.obj
 0003:0000103c       ?initialized@?1??__acrt_initialize_multibyte@@9@4_NA 1001d03c     libucrt:mbctype.obj
 0003:00001264       ?ctrlc_action@@3V?$dual_state_global@P6AXH@Z@__crt_state_management@@A 1001d264     libucrt:signal.obj
 0003:00001268       ?ctrlbreak_action@@3V?$dual_state_global@P6AXH@Z@__crt_state_management@@A 1001d268     libucrt:signal.obj
 0003:0000126c       ?abort_action@@3V?$dual_state_global@P6AXH@Z@__crt_state_management@@A 1001d26c     libucrt:signal.obj
 0003:00001270       ?term_action@@3V?$dual_state_global@P6AXH@Z@__crt_state_management@@A 1001d270     libucrt:signal.obj
 0003:00001274       ?user_matherr@@3V?$dual_state_global@P6AHPAU_exception@@@Z@__crt_state_management@@A 1001d274     libucrt:matherr.obj
 0003:00001288       ?__acrt_global_new_mode@@3V?$dual_state_global@J@__crt_state_management@@A 1001d288     libucrt:new_mode.obj
 0003:00001294       ?__acrt_app_type@@3W4_crt_app_type@@A 1001d294     libucrt:report_runtime_error.obj
 0003:0000129c       __pmatherr_set             1001d29c     libucrt:libm_error.obj
 0004:00000060       $R000000                   1001e060     * linker generated manifest res *

 Exports

  ordinal    name

        1    __register_nodeAddon_
               exported name: _register_nodeAddon_
